building agent linux/amd64
building agent linux/arm64
building agent darwin/amd64
building agent darwin/arm64
/data/tmp/rdev-toolchain/go/bin/go vet ./...
/data/tmp/rdev-toolchain/go/bin/go test ./... -count=1
ok  	github.com/CIPFZ/rdev/cmd/rdev	0.006s
--- FAIL: TestExecTimeoutKillsGrandchildren (1.58s)
    agent_test.go:2171: rdev_test_orphan_marker survivors = 1, want 0: the group kill missed a grandchild
FAIL
FAIL	github.com/CIPFZ/rdev/cmd/rdev-agent	33.630s
=== RUN   TestCLIUsesSharedBrokerService
--- FAIL: TestServiceTemplatesPassManagerSyntaxChecks (0.11s)
    templates_test.go:53: systemd-analyze verify failed: exit status 1
        /etc/systemd/system/tat_agent.service:7: PIDFile= references a path below legacy directory /var/run/, updating /var/run/tat_agent.pid → /run/tat_agent.pid; please update the unit file accordingly.
        rdevd.service: Command /root/bin/rdevd is not executable: No such file or directory
FAIL
FAIL	github.com/CIPFZ/rdev/cmd/rdevd	1.264s
ok  	github.com/CIPFZ/rdev/internal/broker	2.565s
ok  	github.com/CIPFZ/rdev/internal/buildinfo	0.003s
ok  	github.com/CIPFZ/rdev/internal/client	0.453s
ok  	github.com/CIPFZ/rdev/internal/framewriter	0.043s
ok  	github.com/CIPFZ/rdev/internal/mcpsrv	1.120s
ok  	github.com/CIPFZ/rdev/internal/observe	0.006s
ok  	github.com/CIPFZ/rdev/internal/proto	0.006s
ok  	github.com/CIPFZ/rdev/internal/secrets	0.005s
ok  	github.com/CIPFZ/rdev/internal/session	11.172s
ok  	github.com/CIPFZ/rdev/internal/state	0.116s
ok  	github.com/CIPFZ/rdev/internal/storage	0.044s
ok  	github.com/CIPFZ/rdev/internal/support	0.003s
ok  	github.com/CIPFZ/rdev/internal/transport	2.751s
FAIL
make: *** [Makefile:115: test] Error 1
