building agent linux/amd64
building agent linux/arm64
building agent darwin/amd64
building agent darwin/arm64
/data/tmp/rdev-toolchain/go/bin/go vet ./...
/data/tmp/rdev-toolchain/go/bin/go test ./... -count=1
ok  	github.com/CIPFZ/rdev/cmd/rdev	0.005s
ok  	github.com/CIPFZ/rdev/cmd/rdev-agent	33.317s
ok  	github.com/CIPFZ/rdev/cmd/rdevd	2.641s
ok  	github.com/CIPFZ/rdev/internal/broker	1.967s
ok  	github.com/CIPFZ/rdev/internal/buildinfo	0.007s
ok  	github.com/CIPFZ/rdev/internal/client	0.445s
ok  	github.com/CIPFZ/rdev/internal/framewriter	0.041s
ok  	github.com/CIPFZ/rdev/internal/mcpsrv	0.647s
ok  	github.com/CIPFZ/rdev/internal/observe	0.004s
ok  	github.com/CIPFZ/rdev/internal/proto	0.003s
ok  	github.com/CIPFZ/rdev/internal/secrets	0.006s
ok  	github.com/CIPFZ/rdev/internal/session	10.319s
ok  	github.com/CIPFZ/rdev/internal/state	0.114s
ok  	github.com/CIPFZ/rdev/internal/storage	0.036s
ok  	github.com/CIPFZ/rdev/internal/support	0.002s
ok  	github.com/CIPFZ/rdev/internal/transport	2.401s
ok       rdev-agent-linux-amd64 775cbfba9f64
ok       rdev-agent-linux-arm64 4cb63f1821ca
ok       rdev-agent-darwin-amd64 b5cc1ba908e2
ok       rdev-agent-darwin-arm64 e86e40c2d875
RDEV_RUN_REMOTE=1 RDEV_TEST_REMOTE='' RDEV_TEST_SSH_CONFIG='/data/tmp/rdev-validation/ssh/config' /data/tmp/rdev-toolchain/go/bin/go test ./cmd/rdevd -run '^TestRemoteBrokerProcesses$' -count=3 -timeout=5m -v
=== RUN   TestRemoteBrokerProcesses
    remote_process_test.go:229: real SSH multi-process benchmark: {"calls":500,"clients":20,"daemon_ssh_max":1,"elapsed_ms":1681.044,"exec_p95_ms":82.107,"ping_p50_ms":38.133,"ping_p95_ms":113.599,"ping_p99_ms":141.003,"process_samples":6,"remote_agent_distinct":1,"remote_agent_max":1,"remote_principals":20}
--- PASS: TestRemoteBrokerProcesses (2.30s)
=== RUN   TestRemoteBrokerProcesses
    remote_process_test.go:229: real SSH multi-process benchmark: {"calls":500,"clients":20,"daemon_ssh_max":1,"elapsed_ms":1667.64,"exec_p95_ms":75.318,"ping_p50_ms":36.004,"ping_p95_ms":116.191,"ping_p99_ms":142.922,"process_samples":6,"remote_agent_distinct":1,"remote_agent_max":1,"remote_principals":20}
--- PASS: TestRemoteBrokerProcesses (2.29s)
=== RUN   TestRemoteBrokerProcesses
    remote_process_test.go:229: real SSH multi-process benchmark: {"calls":500,"clients":20,"daemon_ssh_max":1,"elapsed_ms":1681.066,"exec_p95_ms":66.284,"ping_p50_ms":30.806,"ping_p95_ms":108.61,"ping_p99_ms":139.517,"process_samples":6,"remote_agent_distinct":1,"remote_agent_max":1,"remote_principals":20}
--- PASS: TestRemoteBrokerProcesses (2.30s)
PASS
ok  	github.com/CIPFZ/rdev/cmd/rdevd	6.901s
