building agent linux/amd64
building agent linux/arm64
building agent darwin/amd64
building agent darwin/arm64
/data/tmp/rdev-toolchain/go/bin/go vet ./...
/data/tmp/rdev-toolchain/go/bin/go test ./... -count=1
ok  	github.com/CIPFZ/rdev/cmd/rdev	0.016s
ok  	github.com/CIPFZ/rdev/cmd/rdev-agent	33.256s
ok  	github.com/CIPFZ/rdev/cmd/rdevd	3.222s
ok  	github.com/CIPFZ/rdev/internal/broker	1.814s
ok  	github.com/CIPFZ/rdev/internal/buildinfo	0.003s
ok  	github.com/CIPFZ/rdev/internal/client	0.475s
ok  	github.com/CIPFZ/rdev/internal/framewriter	0.038s
ok  	github.com/CIPFZ/rdev/internal/mcpsrv	0.642s
ok  	github.com/CIPFZ/rdev/internal/observe	0.005s
ok  	github.com/CIPFZ/rdev/internal/proto	0.004s
ok  	github.com/CIPFZ/rdev/internal/secrets	0.013s
ok  	github.com/CIPFZ/rdev/internal/session	9.350s
ok  	github.com/CIPFZ/rdev/internal/state	0.099s
ok  	github.com/CIPFZ/rdev/internal/storage	0.039s
ok  	github.com/CIPFZ/rdev/internal/support	0.004s
ok  	github.com/CIPFZ/rdev/internal/transport	2.306s
ok       rdev-agent-linux-amd64 e77eeea38560
ok       rdev-agent-linux-arm64 2d3947649db2
ok       rdev-agent-darwin-amd64 bded1aaae91d
ok       rdev-agent-darwin-arm64 b880cd193cfa
RDEV_RUN_REMOTE=1 RDEV_TEST_REMOTE='' RDEV_TEST_SSH_CONFIG='/data/tmp/rdev-validation/ssh/config' /data/tmp/rdev-toolchain/go/bin/go test ./cmd/rdevd -run '^TestRemoteBrokerQoS$' -count=3 -timeout=4m -v
=== RUN   TestRemoteBrokerQoS
    remote_qos_test.go:200: sustained real SSH phase: weights 3:1, two backlogged owners, 18 bulk processes and two control processes
    remote_qos_test.go:313: real remote QoS evidence: {"audit_sink":{"rotations":1,"state":"ok","accepted":48828,"written":48828,"dropped":0,"errors":0,"recovered":0,"pending":0},"bulk_idle_reaped":true,"bulk_idle_ttl_ms":1000,"bulk_processes":18,"bytes_per_read":344064,"control_latency":{"0":{"baseline_p95_ms":1.312,"bulk_p95_ms":1.712,"ratio":1.3048780487804876},"1":{"baseline_p95_ms":1.342,"bulk_p95_ms":1.7,"ratio":1.2667660208643814}},"control_processes":2,"dedicated_bulk_transport":true,"owner_a_payload_bytes":212975616,"owner_b_payload_bytes":243941376,"owner_sigkill_recovery":true,"processes":20,"same_base_agent":true,"windows":[{"phase":"weight-3-1","A":458,"B":153,"ratio_a_b":2.9934640522875817,"Samples":25,"Backlogged":25,"MaxGapA":1.011034909,"MaxGapB":1.011034909,"ARejected":4431,"BRejected":4740},{"phase":"weight-1-3","A":153,"B":459,"ratio_a_b":0.3333333333333333,"Samples":25,"Backlogged":25,"MaxGapA":1.01053361,"MaxGapB":1.01053361,"ARejected":4746,"BRejected":4437}]}
--- PASS: TestRemoteBrokerQoS (66.09s)
=== RUN   TestRemoteBrokerQoS
    remote_qos_test.go:200: sustained real SSH phase: weights 3:1, two backlogged owners, 18 bulk processes and two control processes
    remote_qos_test.go:313: real remote QoS evidence: {"audit_sink":{"rotations":1,"state":"ok","accepted":48802,"written":48802,"dropped":0,"errors":0,"recovered":0,"pending":0},"bulk_idle_reaped":true,"bulk_idle_ttl_ms":1000,"bulk_processes":18,"bytes_per_read":344064,"control_latency":{"0":{"baseline_p95_ms":1.294,"bulk_p95_ms":1.841,"ratio":1.4227202472952085},"1":{"baseline_p95_ms":1.298,"bulk_p95_ms":1.932,"ratio":1.4884437596302003}},"control_processes":2,"dedicated_bulk_transport":true,"owner_a_payload_bytes":212631552,"owner_b_payload_bytes":243941376,"owner_sigkill_recovery":true,"processes":20,"same_base_agent":true,"windows":[{"phase":"weight-3-1","A":459,"B":152,"ratio_a_b":3.0197368421052633,"Samples":25,"Backlogged":25,"MaxGapA":1.012125021,"MaxGapB":1.012125021,"ARejected":4437,"BRejected":4742},{"phase":"weight-1-3","A":153,"B":459,"ratio_a_b":0.3333333333333333,"Samples":25,"Backlogged":25,"MaxGapA":1.010416641,"MaxGapB":1.010416641,"ARejected":4743,"BRejected":4437}]}
--- PASS: TestRemoteBrokerQoS (66.09s)
=== RUN   TestRemoteBrokerQoS
    remote_qos_test.go:200: sustained real SSH phase: weights 3:1, two backlogged owners, 18 bulk processes and two control processes
    remote_qos_test.go:313: real remote QoS evidence: {"audit_sink":{"rotations":1,"state":"ok","accepted":48808,"written":48808,"dropped":0,"errors":0,"recovered":0,"pending":0},"bulk_idle_reaped":true,"bulk_idle_ttl_ms":1000,"bulk_processes":18,"bytes_per_read":344064,"control_latency":{"0":{"baseline_p95_ms":1.333,"bulk_p95_ms":1.807,"ratio":1.355588897224306},"1":{"baseline_p95_ms":1.316,"bulk_p95_ms":1.806,"ratio":1.372340425531915}},"control_processes":2,"dedicated_bulk_transport":true,"owner_a_payload_bytes":212287488,"owner_b_payload_bytes":244629504,"owner_sigkill_recovery":true,"processes":20,"same_base_agent":true,"windows":[{"phase":"weight-3-1","A":458,"B":153,"ratio_a_b":2.9934640522875817,"Samples":25,"Backlogged":25,"MaxGapA":1.011609636,"MaxGapB":1.011609636,"ARejected":4436,"BRejected":4739},{"phase":"weight-1-3","A":152,"B":459,"ratio_a_b":0.3311546840958606,"Samples":25,"Backlogged":25,"MaxGapA":1.010284413,"MaxGapB":1.010284413,"ARejected":4742,"BRejected":4433}]}
--- PASS: TestRemoteBrokerQoS (66.09s)
PASS
ok  	github.com/CIPFZ/rdev/cmd/rdevd	198.276s
/data/tmp/rdev-toolchain/go/bin/go test ./cmd/rdevd -run TestUnixBrokerTwentyClients -count=100 -timeout=5m
ok  	github.com/CIPFZ/rdev/cmd/rdevd	0.345s
rdevd authenticated readiness/permissions/single-instance/shutdown smoke: ok
RDEV_REMOTE_RUNTIME=1 RDEV_REMOTE_SERVICE=1 RDEV_REMOTE_SSH='' RDEV_SSH_CONFIG='/data/tmp/rdev-validation/ssh/config' RDEV_GO='/data/tmp/rdev-toolchain/go/bin/go' sh scripts/remote-rdevd-smoke.sh
remote validation source: 6f62f60
rdevd artifact sha256: 13d1fbd8efe2c744ff340f86fd2d47cacdd7bd4557a126da55cc0b561fcc66c0
rdevd authenticated readiness/permissions/single-instance/shutdown smoke: ok
=== RUN   TestDaemonRuntimeLifecycle
=== RUN   TestDaemonRuntimeLifecycle/principal_provision_expire_rotate
    runtime_integration_test.go:241: real daemon: provisioning, principal/project binding, default deny, expiry, atomic config/key reload, established-session revocation, restart passed
=== RUN   TestDaemonRuntimeLifecycle/single_instance_crash_signal
    runtime_integration_test.go:256: real UID 65534 process denied access to root-owned broker socket
    runtime_integration_test.go:283: real daemon: private socket, duplicate-start readiness, SIGKILL stale-socket recovery and SIGTERM cleanup passed
=== RUN   TestDaemonRuntimeLifecycle/audit_owner_query_restart
    runtime_integration_test.go:345: real daemon: colliding owner display names isolated, decision/result timestamps queried before and after restart, untrusted text excluded
=== RUN   TestDaemonRuntimeLifecycle/startup_fail_closed
=== RUN   TestDaemonRuntimeLifecycle/startup_fail_closed/missing_key
=== RUN   TestDaemonRuntimeLifecycle/startup_fail_closed/weak_key
=== RUN   TestDaemonRuntimeLifecycle/startup_fail_closed/public_key
=== RUN   TestDaemonRuntimeLifecycle/startup_fail_closed/symlink_key
=== RUN   TestDaemonRuntimeLifecycle/startup_fail_closed/bad_config
=== RUN   TestDaemonRuntimeLifecycle/startup_fail_closed/null_config
=== RUN   TestDaemonRuntimeLifecycle/startup_fail_closed/unknown_config_field
=== RUN   TestDaemonRuntimeLifecycle/startup_fail_closed/bad_policy
=== RUN   TestDaemonRuntimeLifecycle/startup_fail_closed/null_policy
=== RUN   TestDaemonRuntimeLifecycle/startup_fail_closed/duplicate_policy
=== RUN   TestDaemonRuntimeLifecycle/startup_fail_closed/public_policy
=== RUN   TestDaemonRuntimeLifecycle/startup_fail_closed/bad_jobs
=== RUN   TestDaemonRuntimeLifecycle/startup_fail_closed/bad_hosts
=== RUN   TestDaemonRuntimeLifecycle/startup_fail_closed/public_hosts
=== RUN   TestDaemonRuntimeLifecycle/startup_fail_closed/unknown_host_field
=== RUN   TestDaemonRuntimeLifecycle/startup_fail_closed/duplicate_hosts
--- PASS: TestDaemonRuntimeLifecycle (1.49s)
    --- PASS: TestDaemonRuntimeLifecycle/principal_provision_expire_rotate (1.33s)
    --- PASS: TestDaemonRuntimeLifecycle/single_instance_crash_signal (0.04s)
    --- PASS: TestDaemonRuntimeLifecycle/audit_owner_query_restart (0.04s)
    --- PASS: TestDaemonRuntimeLifecycle/startup_fail_closed (0.08s)
        --- PASS: TestDaemonRuntimeLifecycle/startup_fail_closed/missing_key (0.00s)
        --- PASS: TestDaemonRuntimeLifecycle/startup_fail_closed/weak_key (0.00s)
        --- PASS: TestDaemonRuntimeLifecycle/startup_fail_closed/public_key (0.00s)
        --- PASS: TestDaemonRuntimeLifecycle/startup_fail_closed/symlink_key (0.00s)
        --- PASS: TestDaemonRuntimeLifecycle/startup_fail_closed/bad_config (0.00s)
        --- PASS: TestDaemonRuntimeLifecycle/startup_fail_closed/null_config (0.01s)
        --- PASS: TestDaemonRuntimeLifecycle/startup_fail_closed/unknown_config_field (0.00s)
        --- PASS: TestDaemonRuntimeLifecycle/startup_fail_closed/bad_policy (0.00s)
        --- PASS: TestDaemonRuntimeLifecycle/startup_fail_closed/null_policy (0.00s)
        --- PASS: TestDaemonRuntimeLifecycle/startup_fail_closed/duplicate_policy (0.00s)
        --- PASS: TestDaemonRuntimeLifecycle/startup_fail_closed/public_policy (0.00s)
        --- PASS: TestDaemonRuntimeLifecycle/startup_fail_closed/bad_jobs (0.01s)
        --- PASS: TestDaemonRuntimeLifecycle/startup_fail_closed/bad_hosts (0.01s)
        --- PASS: TestDaemonRuntimeLifecycle/startup_fail_closed/public_hosts (0.01s)
        --- PASS: TestDaemonRuntimeLifecycle/startup_fail_closed/unknown_host_field (0.01s)
        --- PASS: TestDaemonRuntimeLifecycle/startup_fail_closed/duplicate_hosts (0.01s)
PASS
Created symlink /root/.config/systemd/user/rdevd-phase5-service-824338.service → /tmp/rdev-remote-smoke.O0Y8dP/service/rdevd-phase5-service-824338.service.
Created symlink /root/.config/systemd/user/default.target.wants/rdevd-phase5-service-824338.service → /tmp/rdev-remote-smoke.O0Y8dP/service/rdevd-phase5-service-824338.service.
systemd user install/enable/start/reload/SIGKILL recovery/stop/start: ok (pid 824360 -> 824426)
