building agent linux/amd64
building agent linux/arm64
building agent darwin/amd64
building agent darwin/arm64
/data/tmp/rdev-toolchain/go/bin/go vet ./...
/data/tmp/rdev-toolchain/go/bin/go test ./... -count=1
ok  	github.com/CIPFZ/rdev/cmd/rdev	0.005s
ok  	github.com/CIPFZ/rdev/cmd/rdev-agent	33.165s
ok  	github.com/CIPFZ/rdev/cmd/rdevd	2.964s
ok  	github.com/CIPFZ/rdev/internal/broker	1.374s
ok  	github.com/CIPFZ/rdev/internal/buildinfo	0.003s
ok  	github.com/CIPFZ/rdev/internal/client	0.464s
ok  	github.com/CIPFZ/rdev/internal/framewriter	0.037s
ok  	github.com/CIPFZ/rdev/internal/mcpsrv	0.734s
ok  	github.com/CIPFZ/rdev/internal/observe	0.005s
ok  	github.com/CIPFZ/rdev/internal/proto	0.004s
ok  	github.com/CIPFZ/rdev/internal/secrets	0.005s
ok  	github.com/CIPFZ/rdev/internal/session	8.031s
ok  	github.com/CIPFZ/rdev/internal/state	0.079s
ok  	github.com/CIPFZ/rdev/internal/storage	0.022s
ok  	github.com/CIPFZ/rdev/internal/support	0.004s
ok  	github.com/CIPFZ/rdev/internal/transport	2.350s
ok       rdev-agent-linux-amd64 5c222f97e908
ok       rdev-agent-linux-arm64 6eadf7218843
ok       rdev-agent-darwin-amd64 1915d43e779b
ok       rdev-agent-darwin-arm64 7f7852f22fab
RDEV_RUN_REMOTE=1 RDEV_TEST_REMOTE='' RDEV_TEST_SSH_CONFIG='/data/tmp/rdev-validation/ssh/config' /data/tmp/rdev-toolchain/go/bin/go test ./cmd/rdevd -run '^TestRemoteBrokerPolicyIsolation$' -count=3 -timeout=2m -v
=== RUN   TestRemoteBrokerPolicyIsolation
    remote_policy_test.go:234: real SSH policy: queued_decision=ba733de29dfc9bef4f3861699c5e332241599a1c6608378eb91053641432d95a revoked_decision=557591ebf3e179919b7a8915db494c2f8011fd8b5906f7150235a8458771cc2f grant_and_revoke_survived_SIGKILL=true exact_host_and_project_isolation=true caller_capability_substitution=denied persistence_failure=rolled_back audit_owner_and_digest=verified
--- PASS: TestRemoteBrokerPolicyIsolation (1.16s)
=== RUN   TestRemoteBrokerPolicyIsolation
    remote_policy_test.go:234: real SSH policy: queued_decision=ba733de29dfc9bef4f3861699c5e332241599a1c6608378eb91053641432d95a revoked_decision=557591ebf3e179919b7a8915db494c2f8011fd8b5906f7150235a8458771cc2f grant_and_revoke_survived_SIGKILL=true exact_host_and_project_isolation=true caller_capability_substitution=denied persistence_failure=rolled_back audit_owner_and_digest=verified
--- PASS: TestRemoteBrokerPolicyIsolation (1.17s)
=== RUN   TestRemoteBrokerPolicyIsolation
    remote_policy_test.go:234: real SSH policy: queued_decision=ba733de29dfc9bef4f3861699c5e332241599a1c6608378eb91053641432d95a revoked_decision=557591ebf3e179919b7a8915db494c2f8011fd8b5906f7150235a8458771cc2f grant_and_revoke_survived_SIGKILL=true exact_host_and_project_isolation=true caller_capability_substitution=denied persistence_failure=rolled_back audit_owner_and_digest=verified
--- PASS: TestRemoteBrokerPolicyIsolation (1.15s)
PASS
ok  	github.com/CIPFZ/rdev/cmd/rdevd	3.477s
RDEV_REMOTE_RUNTIME=1 RDEV_REMOTE_SERVICE=1 RDEV_REMOTE_SSH='' RDEV_SSH_CONFIG='/data/tmp/rdev-validation/ssh/config' RDEV_GO='/data/tmp/rdev-toolchain/go/bin/go' sh scripts/remote-rdevd-smoke.sh
remote validation source: 669f18f
rdevd artifact sha256: 079c2ba4455caa9b16dc60752d12dcdf66d5ae17acc0eca35699b677b92ce6dc
rdevd authenticated readiness/permissions/single-instance/shutdown smoke: ok
=== RUN   TestDaemonRuntimeLifecycle
=== RUN   TestDaemonRuntimeLifecycle/principal_provision_expire_rotate
    runtime_integration_test.go:241: real daemon: provisioning, principal/project binding, default deny, expiry, atomic config/key reload, established-session revocation, restart passed
=== RUN   TestDaemonRuntimeLifecycle/single_instance_crash_signal
    runtime_integration_test.go:256: real UID 65534 process denied access to root-owned broker socket
    runtime_integration_test.go:283: real daemon: private socket, duplicate-start readiness, SIGKILL stale-socket recovery and SIGTERM cleanup passed
=== RUN   TestDaemonRuntimeLifecycle/audit_owner_query_restart
    runtime_integration_test.go:345: real daemon: colliding owner display names isolated, decision/result timestamps queried before and after restart, untrusted text excluded
=== RUN   TestDaemonRuntimeLifecycle/startup_fail_closed
=== RUN   TestDaemonRuntimeLifecycle/startup_fail_closed/missing_key
=== RUN   TestDaemonRuntimeLifecycle/startup_fail_closed/weak_key
=== RUN   TestDaemonRuntimeLifecycle/startup_fail_closed/public_key
=== RUN   TestDaemonRuntimeLifecycle/startup_fail_closed/symlink_key
=== RUN   TestDaemonRuntimeLifecycle/startup_fail_closed/bad_config
=== RUN   TestDaemonRuntimeLifecycle/startup_fail_closed/null_config
=== RUN   TestDaemonRuntimeLifecycle/startup_fail_closed/unknown_config_field
=== RUN   TestDaemonRuntimeLifecycle/startup_fail_closed/bad_policy
=== RUN   TestDaemonRuntimeLifecycle/startup_fail_closed/null_policy
=== RUN   TestDaemonRuntimeLifecycle/startup_fail_closed/duplicate_policy
=== RUN   TestDaemonRuntimeLifecycle/startup_fail_closed/public_policy
=== RUN   TestDaemonRuntimeLifecycle/startup_fail_closed/bad_jobs
=== RUN   TestDaemonRuntimeLifecycle/startup_fail_closed/bad_hosts
=== RUN   TestDaemonRuntimeLifecycle/startup_fail_closed/public_hosts
=== RUN   TestDaemonRuntimeLifecycle/startup_fail_closed/unknown_host_field
=== RUN   TestDaemonRuntimeLifecycle/startup_fail_closed/duplicate_hosts
--- PASS: TestDaemonRuntimeLifecycle (1.48s)
    --- PASS: TestDaemonRuntimeLifecycle/principal_provision_expire_rotate (1.31s)
    --- PASS: TestDaemonRuntimeLifecycle/single_instance_crash_signal (0.04s)
    --- PASS: TestDaemonRuntimeLifecycle/audit_owner_query_restart (0.04s)
    --- PASS: TestDaemonRuntimeLifecycle/startup_fail_closed (0.08s)
        --- PASS: TestDaemonRuntimeLifecycle/startup_fail_closed/missing_key (0.00s)
        --- PASS: TestDaemonRuntimeLifecycle/startup_fail_closed/weak_key (0.00s)
        --- PASS: TestDaemonRuntimeLifecycle/startup_fail_closed/public_key (0.00s)
        --- PASS: TestDaemonRuntimeLifecycle/startup_fail_closed/symlink_key (0.00s)
        --- PASS: TestDaemonRuntimeLifecycle/startup_fail_closed/bad_config (0.00s)
        --- PASS: TestDaemonRuntimeLifecycle/startup_fail_closed/null_config (0.00s)
        --- PASS: TestDaemonRuntimeLifecycle/startup_fail_closed/unknown_config_field (0.00s)
        --- PASS: TestDaemonRuntimeLifecycle/startup_fail_closed/bad_policy (0.00s)
        --- PASS: TestDaemonRuntimeLifecycle/startup_fail_closed/null_policy (0.00s)
        --- PASS: TestDaemonRuntimeLifecycle/startup_fail_closed/duplicate_policy (0.00s)
        --- PASS: TestDaemonRuntimeLifecycle/startup_fail_closed/public_policy (0.00s)
        --- PASS: TestDaemonRuntimeLifecycle/startup_fail_closed/bad_jobs (0.01s)
        --- PASS: TestDaemonRuntimeLifecycle/startup_fail_closed/bad_hosts (0.01s)
        --- PASS: TestDaemonRuntimeLifecycle/startup_fail_closed/public_hosts (0.01s)
        --- PASS: TestDaemonRuntimeLifecycle/startup_fail_closed/unknown_host_field (0.01s)
        --- PASS: TestDaemonRuntimeLifecycle/startup_fail_closed/duplicate_hosts (0.01s)
PASS
Created symlink /root/.config/systemd/user/rdevd-phase5-service-771641.service → /tmp/rdev-remote-smoke.Ed5Q2O/service/rdevd-phase5-service-771641.service.
Created symlink /root/.config/systemd/user/default.target.wants/rdevd-phase5-service-771641.service → /tmp/rdev-remote-smoke.Ed5Q2O/service/rdevd-phase5-service-771641.service.
systemd user install/enable/start/reload/SIGKILL recovery/stop/start: ok (pid 771663 -> 771730)
