building agent linux/amd64
building agent linux/arm64
building agent darwin/amd64
building agent darwin/arm64
/data/tmp/rdev-toolchain/go/bin/go vet ./...
/data/tmp/rdev-toolchain/go/bin/go test ./... -count=1
ok  	github.com/CIPFZ/rdev/cmd/rdev	0.005s
ok  	github.com/CIPFZ/rdev/cmd/rdev-agent	33.769s
ok  	github.com/CIPFZ/rdev/cmd/rdevd	3.111s
ok  	github.com/CIPFZ/rdev/internal/broker	2.251s
ok  	github.com/CIPFZ/rdev/internal/buildinfo	0.003s
ok  	github.com/CIPFZ/rdev/internal/client	0.455s
ok  	github.com/CIPFZ/rdev/internal/framewriter	0.039s
ok  	github.com/CIPFZ/rdev/internal/mcpsrv	0.789s
ok  	github.com/CIPFZ/rdev/internal/observe	0.009s
ok  	github.com/CIPFZ/rdev/internal/proto	0.006s
ok  	github.com/CIPFZ/rdev/internal/secrets	0.018s
ok  	github.com/CIPFZ/rdev/internal/session	14.256s
ok  	github.com/CIPFZ/rdev/internal/state	0.093s
ok  	github.com/CIPFZ/rdev/internal/storage	0.040s
ok  	github.com/CIPFZ/rdev/internal/support	0.003s
ok  	github.com/CIPFZ/rdev/internal/transport	2.662s
ok       rdev-agent-linux-amd64 cddfd332583c
ok       rdev-agent-linux-arm64 c497ba2cf337
ok       rdev-agent-darwin-amd64 b1439638cb8f
ok       rdev-agent-darwin-arm64 990d63a0b0df
RDEV_RUN_REMOTE=1 RDEV_TEST_REMOTE='' RDEV_TEST_SSH_CONFIG='/data/tmp/rdev-validation/ssh/config' /data/tmp/rdev-toolchain/go/bin/go test ./cmd/rdevd -run '^TestRemoteBrokerJobRecovery$' -count=3 -timeout=2m -v
=== RUN   TestRemoteBrokerJobRecovery
    remote_jobs_test.go:209: real detached jobs: separate frontend ACK survives SIGKILL; SSH-unavailable startup retains both project owners; same supervisors survive reconnect/SIGHUP; scoped Limit=1 listing precedes remote pagination; granted other project denied status/logs/wait/stop/rm; real deletion rename failure rolls back active ownership; owned Missing cleanup persists across SIGKILL; each job command executed once
    remote_jobs_test.go:210: remote supervisor PIDs retained across recovery: project A=841572 project B=841579; final proof file values=[once once]
--- PASS: TestRemoteBrokerJobRecovery (1.62s)
=== RUN   TestRemoteBrokerJobRecovery
    remote_jobs_test.go:209: real detached jobs: separate frontend ACK survives SIGKILL; SSH-unavailable startup retains both project owners; same supervisors survive reconnect/SIGHUP; scoped Limit=1 listing precedes remote pagination; granted other project denied status/logs/wait/stop/rm; real deletion rename failure rolls back active ownership; owned Missing cleanup persists across SIGKILL; each job command executed once
    remote_jobs_test.go:210: remote supervisor PIDs retained across recovery: project A=841677 project B=841684; final proof file values=[once once]
--- PASS: TestRemoteBrokerJobRecovery (1.63s)
=== RUN   TestRemoteBrokerJobRecovery
    remote_jobs_test.go:209: real detached jobs: separate frontend ACK survives SIGKILL; SSH-unavailable startup retains both project owners; same supervisors survive reconnect/SIGHUP; scoped Limit=1 listing precedes remote pagination; granted other project denied status/logs/wait/stop/rm; real deletion rename failure rolls back active ownership; owned Missing cleanup persists across SIGKILL; each job command executed once
    remote_jobs_test.go:210: remote supervisor PIDs retained across recovery: project A=841881 project B=841890; final proof file values=[once once]
--- PASS: TestRemoteBrokerJobRecovery (1.62s)
PASS
ok  	github.com/CIPFZ/rdev/cmd/rdevd	4.875s
RDEV_RUN_REMOTE=1 RDEV_TEST_REMOTE='' RDEV_TEST_SSH_CONFIG='/data/tmp/rdev-validation/ssh/config' /data/tmp/rdev-toolchain/go/bin/go test ./cmd/rdevd -run '^TestRemoteBrokerApprovalIsolation$' -count=3 -timeout=2m -v
=== RUN   TestRemoteBrokerApprovalIsolation
    remote_approval_test.go:183: real SSH approval: Risk=false denied; issuer separated from executor; owner/host/path/content/append/operation substitutions denied without consuming valid approval; one append; replay/expiry/policy-change/crash denied; owner audit correlation and payload/token privacy verified
--- PASS: TestRemoteBrokerApprovalIsolation (1.13s)
=== RUN   TestRemoteBrokerApprovalIsolation
    remote_approval_test.go:183: real SSH approval: Risk=false denied; issuer separated from executor; owner/host/path/content/append/operation substitutions denied without consuming valid approval; one append; replay/expiry/policy-change/crash denied; owner audit correlation and payload/token privacy verified
--- PASS: TestRemoteBrokerApprovalIsolation (1.13s)
=== RUN   TestRemoteBrokerApprovalIsolation
    remote_approval_test.go:183: real SSH approval: Risk=false denied; issuer separated from executor; owner/host/path/content/append/operation substitutions denied without consuming valid approval; one append; replay/expiry/policy-change/crash denied; owner audit correlation and payload/token privacy verified
--- PASS: TestRemoteBrokerApprovalIsolation (1.13s)
PASS
ok  	github.com/CIPFZ/rdev/cmd/rdevd	3.393s
RDEV_RUN_REMOTE=1 RDEV_TEST_REMOTE='' RDEV_TEST_SSH_CONFIG='/data/tmp/rdev-validation/ssh/config' /data/tmp/rdev-toolchain/go/bin/go test ./cmd/rdevd -run '^TestRemoteBrokerPolicyIsolation$' -count=3 -timeout=2m -v
=== RUN   TestRemoteBrokerPolicyIsolation
    remote_policy_test.go:234: real SSH policy: queued_decision=ba733de29dfc9bef4f3861699c5e332241599a1c6608378eb91053641432d95a revoked_decision=557591ebf3e179919b7a8915db494c2f8011fd8b5906f7150235a8458771cc2f grant_and_revoke_survived_SIGKILL=true exact_host_and_project_isolation=true caller_capability_substitution=denied persistence_failure=rolled_back audit_owner_and_digest=verified
--- PASS: TestRemoteBrokerPolicyIsolation (1.13s)
=== RUN   TestRemoteBrokerPolicyIsolation
    remote_policy_test.go:234: real SSH policy: queued_decision=ba733de29dfc9bef4f3861699c5e332241599a1c6608378eb91053641432d95a revoked_decision=557591ebf3e179919b7a8915db494c2f8011fd8b5906f7150235a8458771cc2f grant_and_revoke_survived_SIGKILL=true exact_host_and_project_isolation=true caller_capability_substitution=denied persistence_failure=rolled_back audit_owner_and_digest=verified
--- PASS: TestRemoteBrokerPolicyIsolation (1.13s)
=== RUN   TestRemoteBrokerPolicyIsolation
    remote_policy_test.go:234: real SSH policy: queued_decision=ba733de29dfc9bef4f3861699c5e332241599a1c6608378eb91053641432d95a revoked_decision=557591ebf3e179919b7a8915db494c2f8011fd8b5906f7150235a8458771cc2f grant_and_revoke_survived_SIGKILL=true exact_host_and_project_isolation=true caller_capability_substitution=denied persistence_failure=rolled_back audit_owner_and_digest=verified
--- PASS: TestRemoteBrokerPolicyIsolation (1.13s)
PASS
ok  	github.com/CIPFZ/rdev/cmd/rdevd	3.392s
RDEV_REMOTE_RUNTIME=1 RDEV_REMOTE_SERVICE=1 RDEV_REMOTE_SSH='' RDEV_SSH_CONFIG='/data/tmp/rdev-validation/ssh/config' RDEV_GO='/data/tmp/rdev-toolchain/go/bin/go' sh scripts/remote-rdevd-smoke.sh
remote validation source: e3ac9c2
rdevd artifact sha256: ef11c45dfd1d06b5e53d554fe6867245975dbd0ec83fdcc841c49296e869c030
rdevd authenticated readiness/permissions/single-instance/shutdown smoke: ok
=== RUN   TestDaemonRuntimeLifecycle
=== RUN   TestDaemonRuntimeLifecycle/principal_provision_expire_rotate
    runtime_integration_test.go:241: real daemon: provisioning, principal/project binding, default deny, expiry, atomic config/key reload, established-session revocation, restart passed
=== RUN   TestDaemonRuntimeLifecycle/single_instance_crash_signal
    runtime_integration_test.go:256: real UID 65534 process denied access to root-owned broker socket
    runtime_integration_test.go:283: real daemon: private socket, duplicate-start readiness, SIGKILL stale-socket recovery and SIGTERM cleanup passed
=== RUN   TestDaemonRuntimeLifecycle/audit_owner_query_restart
    runtime_integration_test.go:345: real daemon: colliding owner display names isolated, decision/result timestamps queried before and after restart, untrusted text excluded
=== RUN   TestDaemonRuntimeLifecycle/startup_fail_closed
=== RUN   TestDaemonRuntimeLifecycle/startup_fail_closed/missing_key
=== RUN   TestDaemonRuntimeLifecycle/startup_fail_closed/weak_key
=== RUN   TestDaemonRuntimeLifecycle/startup_fail_closed/public_key
=== RUN   TestDaemonRuntimeLifecycle/startup_fail_closed/symlink_key
=== RUN   TestDaemonRuntimeLifecycle/startup_fail_closed/bad_config
=== RUN   TestDaemonRuntimeLifecycle/startup_fail_closed/null_config
=== RUN   TestDaemonRuntimeLifecycle/startup_fail_closed/unknown_config_field
=== RUN   TestDaemonRuntimeLifecycle/startup_fail_closed/bad_policy
=== RUN   TestDaemonRuntimeLifecycle/startup_fail_closed/null_policy
=== RUN   TestDaemonRuntimeLifecycle/startup_fail_closed/duplicate_policy
=== RUN   TestDaemonRuntimeLifecycle/startup_fail_closed/public_policy
=== RUN   TestDaemonRuntimeLifecycle/startup_fail_closed/bad_jobs
=== RUN   TestDaemonRuntimeLifecycle/startup_fail_closed/bad_hosts
=== RUN   TestDaemonRuntimeLifecycle/startup_fail_closed/public_hosts
=== RUN   TestDaemonRuntimeLifecycle/startup_fail_closed/unknown_host_field
=== RUN   TestDaemonRuntimeLifecycle/startup_fail_closed/duplicate_hosts
--- PASS: TestDaemonRuntimeLifecycle (2.00s)
    --- PASS: TestDaemonRuntimeLifecycle/principal_provision_expire_rotate (1.84s)
    --- PASS: TestDaemonRuntimeLifecycle/single_instance_crash_signal (0.05s)
    --- PASS: TestDaemonRuntimeLifecycle/audit_owner_query_restart (0.04s)
    --- PASS: TestDaemonRuntimeLifecycle/startup_fail_closed (0.08s)
        --- PASS: TestDaemonRuntimeLifecycle/startup_fail_closed/missing_key (0.00s)
        --- PASS: TestDaemonRuntimeLifecycle/startup_fail_closed/weak_key (0.00s)
        --- PASS: TestDaemonRuntimeLifecycle/startup_fail_closed/public_key (0.00s)
        --- PASS: TestDaemonRuntimeLifecycle/startup_fail_closed/symlink_key (0.00s)
        --- PASS: TestDaemonRuntimeLifecycle/startup_fail_closed/bad_config (0.00s)
        --- PASS: TestDaemonRuntimeLifecycle/startup_fail_closed/null_config (0.00s)
        --- PASS: TestDaemonRuntimeLifecycle/startup_fail_closed/unknown_config_field (0.00s)
        --- PASS: TestDaemonRuntimeLifecycle/startup_fail_closed/bad_policy (0.00s)
        --- PASS: TestDaemonRuntimeLifecycle/startup_fail_closed/null_policy (0.00s)
        --- PASS: TestDaemonRuntimeLifecycle/startup_fail_closed/duplicate_policy (0.00s)
        --- PASS: TestDaemonRuntimeLifecycle/startup_fail_closed/public_policy (0.00s)
        --- PASS: TestDaemonRuntimeLifecycle/startup_fail_closed/bad_jobs (0.01s)
        --- PASS: TestDaemonRuntimeLifecycle/startup_fail_closed/bad_hosts (0.01s)
        --- PASS: TestDaemonRuntimeLifecycle/startup_fail_closed/public_hosts (0.01s)
        --- PASS: TestDaemonRuntimeLifecycle/startup_fail_closed/unknown_host_field (0.01s)
        --- PASS: TestDaemonRuntimeLifecycle/startup_fail_closed/duplicate_hosts (0.01s)
PASS
Created symlink /root/.config/systemd/user/rdevd-phase5-service-842931.service → /tmp/rdev-remote-smoke.uH0VM5/service/rdevd-phase5-service-842931.service.
Created symlink /root/.config/systemd/user/default.target.wants/rdevd-phase5-service-842931.service → /tmp/rdev-remote-smoke.uH0VM5/service/rdevd-phase5-service-842931.service.
systemd user install/enable/start/reload/SIGKILL recovery/stop/start: ok (pid 842964 -> 843028)
