building agent linux/amd64
building agent linux/arm64
building agent darwin/amd64
building agent darwin/arm64
/data/tmp/rdev-toolchain/go/bin/go vet ./...
/data/tmp/rdev-toolchain/go/bin/go test ./... -count=1
ok  	github.com/CIPFZ/rdev/cmd/rdev	0.008s
ok  	github.com/CIPFZ/rdev/cmd/rdev-agent	34.402s
ok  	github.com/CIPFZ/rdev/cmd/rdevd	3.896s
ok  	github.com/CIPFZ/rdev/internal/broker	1.963s
ok  	github.com/CIPFZ/rdev/internal/buildinfo	0.003s
ok  	github.com/CIPFZ/rdev/internal/client	0.478s
ok  	github.com/CIPFZ/rdev/internal/framewriter	0.040s
ok  	github.com/CIPFZ/rdev/internal/mcpsrv	0.762s
ok  	github.com/CIPFZ/rdev/internal/observe	0.005s
ok  	github.com/CIPFZ/rdev/internal/proto	0.004s
ok  	github.com/CIPFZ/rdev/internal/secrets	0.009s
ok  	github.com/CIPFZ/rdev/internal/session	11.879s
ok  	github.com/CIPFZ/rdev/internal/state	0.093s
ok  	github.com/CIPFZ/rdev/internal/storage	0.027s
ok  	github.com/CIPFZ/rdev/internal/support	0.003s
ok  	github.com/CIPFZ/rdev/internal/transport	2.468s
ok       rdev-agent-linux-amd64 eae268555a90
ok       rdev-agent-linux-arm64 6d698b5a92df
ok       rdev-agent-darwin-amd64 3eaad43bb37b
ok       rdev-agent-darwin-arm64 497ffacf48b7
RDEV_RUN_REMOTE=1 RDEV_TEST_REMOTE='' RDEV_TEST_SSH_CONFIG='/data/tmp/rdev-validation/ssh/config' /data/tmp/rdev-toolchain/go/bin/go test ./cmd/rdevd -run '^TestRemoteBrokerSharedWait$' -count=3 -timeout=3m -v
=== RUN   TestRemoteBrokerSharedWait
    remote_wait_test.go:140: real shared wait: 20 independent PIDs; initiator SIGKILL leaves 1 observer/0 subscribers; reconnect yields 1/20; five SIGKILLs yield 1/15; SIGHUP preserves fan-out; 15 terminal replies share one nonempty remote operation ID; other-project wait/status denied; SIGTERM drain=14.58468ms; detached PID=852602 preserved after restart
--- PASS: TestRemoteBrokerSharedWait (1.80s)
=== RUN   TestRemoteBrokerSharedWait
    remote_wait_test.go:140: real shared wait: 20 independent PIDs; initiator SIGKILL leaves 1 observer/0 subscribers; reconnect yields 1/20; five SIGKILLs yield 1/15; SIGHUP preserves fan-out; 15 terminal replies share one nonempty remote operation ID; other-project wait/status denied; SIGTERM drain=10.617873ms; detached PID=852755 preserved after restart
--- PASS: TestRemoteBrokerSharedWait (1.76s)
=== RUN   TestRemoteBrokerSharedWait
    remote_wait_test.go:140: real shared wait: 20 independent PIDs; initiator SIGKILL leaves 1 observer/0 subscribers; reconnect yields 1/20; five SIGKILLs yield 1/15; SIGHUP preserves fan-out; 15 terminal replies share one nonempty remote operation ID; other-project wait/status denied; SIGTERM drain=11.377685ms; detached PID=852861 preserved after restart
--- PASS: TestRemoteBrokerSharedWait (1.75s)
PASS
ok  	github.com/CIPFZ/rdev/cmd/rdevd	5.308s
RDEV_RUN_REMOTE=1 RDEV_TEST_REMOTE='' RDEV_TEST_SSH_CONFIG='/data/tmp/rdev-validation/ssh/config' /data/tmp/rdev-toolchain/go/bin/go test ./cmd/rdevd -run '^TestRemoteBrokerJobRecovery$' -count=3 -timeout=2m -v
=== RUN   TestRemoteBrokerJobRecovery
    remote_jobs_test.go:187: real detached jobs: separate frontend ACK survives SIGKILL; SSH-unavailable startup retains both project owners; same supervisors survive reconnect/SIGHUP; scoped Limit=1 listing precedes remote pagination; granted other project denied status/logs/wait/stop/rm; real deletion rename failure rolls back active ownership; owned Missing cleanup persists across SIGKILL; each job command executed once
    remote_jobs_test.go:188: remote supervisor PIDs retained across recovery: project A=853005 project B=853015; final proof file values=[once once]
--- PASS: TestRemoteBrokerJobRecovery (1.64s)
=== RUN   TestRemoteBrokerJobRecovery
    remote_jobs_test.go:187: real detached jobs: separate frontend ACK survives SIGKILL; SSH-unavailable startup retains both project owners; same supervisors survive reconnect/SIGHUP; scoped Limit=1 listing precedes remote pagination; granted other project denied status/logs/wait/stop/rm; real deletion rename failure rolls back active ownership; owned Missing cleanup persists across SIGKILL; each job command executed once
    remote_jobs_test.go:188: remote supervisor PIDs retained across recovery: project A=853118 project B=853128; final proof file values=[once once]
--- PASS: TestRemoteBrokerJobRecovery (1.62s)
=== RUN   TestRemoteBrokerJobRecovery
    remote_jobs_test.go:187: real detached jobs: separate frontend ACK survives SIGKILL; SSH-unavailable startup retains both project owners; same supervisors survive reconnect/SIGHUP; scoped Limit=1 listing precedes remote pagination; granted other project denied status/logs/wait/stop/rm; real deletion rename failure rolls back active ownership; owned Missing cleanup persists across SIGKILL; each job command executed once
    remote_jobs_test.go:188: remote supervisor PIDs retained across recovery: project A=853232 project B=853242; final proof file values=[once once]
--- PASS: TestRemoteBrokerJobRecovery (1.62s)
PASS
ok  	github.com/CIPFZ/rdev/cmd/rdevd	4.879s
RDEV_RUN_REMOTE=1 RDEV_TEST_REMOTE='' RDEV_TEST_SSH_CONFIG='/data/tmp/rdev-validation/ssh/config' /data/tmp/rdev-toolchain/go/bin/go test ./cmd/rdevd -run '^TestRemoteBrokerRetryCancellation$' -count=3 -timeout=2m -v
=== RUN   TestRemoteBrokerRetryCancellation
    remote_lifecycle_test.go:315: real SSH retry/cancellation: old_agent=853402 replacement_agent=853430 waiter_cancel_ms=30.880 retry_cancel_ms=31.041 foreground_cancel_ms=10.597 mutation_executions=1 survivor_exec=passed shared_transport_preserved=true
--- PASS: TestRemoteBrokerRetryCancellation (4.72s)
=== RUN   TestRemoteBrokerRetryCancellation
    remote_lifecycle_test.go:315: real SSH retry/cancellation: old_agent=853528 replacement_agent=853634 waiter_cancel_ms=30.722 retry_cancel_ms=31.004 foreground_cancel_ms=20.908 mutation_executions=1 survivor_exec=passed shared_transport_preserved=true
--- PASS: TestRemoteBrokerRetryCancellation (4.70s)
=== RUN   TestRemoteBrokerRetryCancellation
    remote_lifecycle_test.go:315: real SSH retry/cancellation: old_agent=853730 replacement_agent=853756 waiter_cancel_ms=31.057 retry_cancel_ms=30.857 foreground_cancel_ms=21.882 mutation_executions=1 survivor_exec=passed shared_transport_preserved=true
--- PASS: TestRemoteBrokerRetryCancellation (4.74s)
PASS
ok  	github.com/CIPFZ/rdev/cmd/rdevd	14.169s
RDEV_RUN_REMOTE=1 RDEV_TEST_REMOTE='' RDEV_TEST_SSH_CONFIG='/data/tmp/rdev-validation/ssh/config' /data/tmp/rdev-toolchain/go/bin/go test ./cmd/rdevd -run '^TestRemoteBrokerLeaseLifecycle$' -count=1 -timeout=2m -v
=== RUN   TestRemoteBrokerLeaseLifecycle
    remote_lifecycle_test.go:412: real SSH lease lifecycle: {"active_agent_preserved":true,"cycles":6,"elapsed_ms":65360.89,"final_daemon_ssh":0,"frontend_normal_close":3,"frontend_sigkill":3,"idle_ttl_ms":250,"new_owner_requests":60,"reap_ms":[4884.938,4692.817,4617.168,4623.249,4709.672,4709.63],"reaper_tick_ms":5000}
--- PASS: TestRemoteBrokerLeaseLifecycle (65.96s)
PASS
ok  	github.com/CIPFZ/rdev/cmd/rdevd	65.963s
/data/tmp/rdev-toolchain/go/bin/go test ./cmd/rdevd -run TestUnixBrokerTwentyClients -count=100 -timeout=5m
ok  	github.com/CIPFZ/rdev/cmd/rdevd	0.341s
rdevd authenticated readiness/permissions/single-instance/shutdown smoke: ok
RDEV_REMOTE_RUNTIME=1 RDEV_REMOTE_SERVICE=1 RDEV_REMOTE_SSH='' RDEV_SSH_CONFIG='/data/tmp/rdev-validation/ssh/config' RDEV_GO='/data/tmp/rdev-toolchain/go/bin/go' sh scripts/remote-rdevd-smoke.sh
remote validation source: bd03436
rdevd artifact sha256: ad14e6c430edc421f0a7833cb3401a62c8c869da6680a712f4f990731e84a36b
rdevd authenticated readiness/permissions/single-instance/shutdown smoke: ok
=== RUN   TestDaemonRuntimeLifecycle
=== RUN   TestDaemonRuntimeLifecycle/principal_provision_expire_rotate
    runtime_integration_test.go:241: real daemon: provisioning, principal/project binding, default deny, expiry, atomic config/key reload, established-session revocation, restart passed
=== RUN   TestDaemonRuntimeLifecycle/single_instance_crash_signal
    runtime_integration_test.go:256: real UID 65534 process denied access to root-owned broker socket
    runtime_integration_test.go:283: real daemon: private socket, duplicate-start readiness, SIGKILL stale-socket recovery and SIGTERM cleanup passed
=== RUN   TestDaemonRuntimeLifecycle/audit_owner_query_restart
    runtime_integration_test.go:345: real daemon: colliding owner display names isolated, decision/result timestamps queried before and after restart, untrusted text excluded
=== RUN   TestDaemonRuntimeLifecycle/startup_fail_closed
=== RUN   TestDaemonRuntimeLifecycle/startup_fail_closed/missing_key
=== RUN   TestDaemonRuntimeLifecycle/startup_fail_closed/weak_key
=== RUN   TestDaemonRuntimeLifecycle/startup_fail_closed/public_key
=== RUN   TestDaemonRuntimeLifecycle/startup_fail_closed/symlink_key
=== RUN   TestDaemonRuntimeLifecycle/startup_fail_closed/bad_config
=== RUN   TestDaemonRuntimeLifecycle/startup_fail_closed/null_config
=== RUN   TestDaemonRuntimeLifecycle/startup_fail_closed/unknown_config_field
=== RUN   TestDaemonRuntimeLifecycle/startup_fail_closed/bad_policy
=== RUN   TestDaemonRuntimeLifecycle/startup_fail_closed/null_policy
=== RUN   TestDaemonRuntimeLifecycle/startup_fail_closed/duplicate_policy
=== RUN   TestDaemonRuntimeLifecycle/startup_fail_closed/public_policy
=== RUN   TestDaemonRuntimeLifecycle/startup_fail_closed/bad_jobs
=== RUN   TestDaemonRuntimeLifecycle/startup_fail_closed/bad_hosts
=== RUN   TestDaemonRuntimeLifecycle/startup_fail_closed/public_hosts
=== RUN   TestDaemonRuntimeLifecycle/startup_fail_closed/unknown_host_field
=== RUN   TestDaemonRuntimeLifecycle/startup_fail_closed/duplicate_hosts
--- PASS: TestDaemonRuntimeLifecycle (1.28s)
    --- PASS: TestDaemonRuntimeLifecycle/principal_provision_expire_rotate (1.09s)
    --- PASS: TestDaemonRuntimeLifecycle/single_instance_crash_signal (0.05s)
    --- PASS: TestDaemonRuntimeLifecycle/audit_owner_query_restart (0.04s)
    --- PASS: TestDaemonRuntimeLifecycle/startup_fail_closed (0.11s)
        --- PASS: TestDaemonRuntimeLifecycle/startup_fail_closed/missing_key (0.00s)
        --- PASS: TestDaemonRuntimeLifecycle/startup_fail_closed/weak_key (0.00s)
        --- PASS: TestDaemonRuntimeLifecycle/startup_fail_closed/public_key (0.00s)
        --- PASS: TestDaemonRuntimeLifecycle/startup_fail_closed/symlink_key (0.00s)
        --- PASS: TestDaemonRuntimeLifecycle/startup_fail_closed/bad_config (0.00s)
        --- PASS: TestDaemonRuntimeLifecycle/startup_fail_closed/null_config (0.00s)
        --- PASS: TestDaemonRuntimeLifecycle/startup_fail_closed/unknown_config_field (0.00s)
        --- PASS: TestDaemonRuntimeLifecycle/startup_fail_closed/bad_policy (0.01s)
        --- PASS: TestDaemonRuntimeLifecycle/startup_fail_closed/null_policy (0.00s)
        --- PASS: TestDaemonRuntimeLifecycle/startup_fail_closed/duplicate_policy (0.01s)
        --- PASS: TestDaemonRuntimeLifecycle/startup_fail_closed/public_policy (0.01s)
        --- PASS: TestDaemonRuntimeLifecycle/startup_fail_closed/bad_jobs (0.01s)
        --- PASS: TestDaemonRuntimeLifecycle/startup_fail_closed/bad_hosts (0.02s)
        --- PASS: TestDaemonRuntimeLifecycle/startup_fail_closed/public_hosts (0.01s)
        --- PASS: TestDaemonRuntimeLifecycle/startup_fail_closed/unknown_host_field (0.01s)
        --- PASS: TestDaemonRuntimeLifecycle/startup_fail_closed/duplicate_hosts (0.01s)
PASS
Created symlink /root/.config/systemd/user/rdevd-phase5-service-855281.service → /tmp/rdev-remote-smoke.Qy5hBY/service/rdevd-phase5-service-855281.service.
Created symlink /root/.config/systemd/user/default.target.wants/rdevd-phase5-service-855281.service → /tmp/rdev-remote-smoke.Qy5hBY/service/rdevd-phase5-service-855281.service.
systemd user install/enable/start/reload/SIGKILL recovery/stop/start: ok (pid 855303 -> 855364)
