building agent linux/amd64
building agent linux/arm64
building agent darwin/amd64
building agent darwin/arm64
/data/tmp/rdev-toolchain/go/bin/go vet ./...
/data/tmp/rdev-toolchain/go/bin/go test ./... -count=1
ok  	github.com/CIPFZ/rdev/cmd/rdev	0.005s
ok  	github.com/CIPFZ/rdev/cmd/rdev-agent	33.243s
ok  	github.com/CIPFZ/rdev/cmd/rdevd	2.744s
ok  	github.com/CIPFZ/rdev/internal/broker	1.281s
ok  	github.com/CIPFZ/rdev/internal/buildinfo	0.002s
ok  	github.com/CIPFZ/rdev/internal/client	0.459s
ok  	github.com/CIPFZ/rdev/internal/framewriter	0.041s
ok  	github.com/CIPFZ/rdev/internal/mcpsrv	0.672s
ok  	github.com/CIPFZ/rdev/internal/observe	0.005s
ok  	github.com/CIPFZ/rdev/internal/proto	0.003s
ok  	github.com/CIPFZ/rdev/internal/secrets	0.005s
ok  	github.com/CIPFZ/rdev/internal/session	9.504s
ok  	github.com/CIPFZ/rdev/internal/state	0.072s
ok  	github.com/CIPFZ/rdev/internal/storage	0.019s
ok  	github.com/CIPFZ/rdev/internal/support	0.003s
ok  	github.com/CIPFZ/rdev/internal/transport	2.326s
ok       rdev-agent-linux-amd64 b3882c984f21
ok       rdev-agent-linux-arm64 fd64fbc935d4
ok       rdev-agent-darwin-amd64 3ac8d224b515
ok       rdev-agent-darwin-arm64 7be1cb70896e
RDEV_RUN_REMOTE=1 RDEV_TEST_REMOTE='' RDEV_TEST_SSH_CONFIG='/data/tmp/rdev-validation/ssh/config' /data/tmp/rdev-toolchain/go/bin/go test ./cmd/rdevd -run '^TestRemoteBrokerRetryCancellation$' -count=3 -timeout=2m -v
=== RUN   TestRemoteBrokerRetryCancellation
    remote_lifecycle_test.go:309: real SSH retry/cancellation: old_agent=764098 replacement_agent=764121 waiter_cancel_ms=10.355 retry_cancel_ms=10.286 foreground_cancel_ms=10.344 mutation_executions=1 survivor_exec=passed shared_transport_preserved=true
--- PASS: TestRemoteBrokerRetryCancellation (4.67s)
=== RUN   TestRemoteBrokerRetryCancellation
    remote_lifecycle_test.go:309: real SSH retry/cancellation: old_agent=764199 replacement_agent=764225 waiter_cancel_ms=10.270 retry_cancel_ms=10.292 foreground_cancel_ms=10.630 mutation_executions=1 survivor_exec=passed shared_transport_preserved=true
--- PASS: TestRemoteBrokerRetryCancellation (4.67s)
=== RUN   TestRemoteBrokerRetryCancellation
    remote_lifecycle_test.go:309: real SSH retry/cancellation: old_agent=764367 replacement_agent=764396 waiter_cancel_ms=10.306 retry_cancel_ms=10.255 foreground_cancel_ms=10.370 mutation_executions=1 survivor_exec=passed shared_transport_preserved=true
--- PASS: TestRemoteBrokerRetryCancellation (4.66s)
PASS
ok  	github.com/CIPFZ/rdev/cmd/rdevd	14.014s
RDEV_RUN_REMOTE=1 RDEV_TEST_REMOTE='' RDEV_TEST_SSH_CONFIG='/data/tmp/rdev-validation/ssh/config' /data/tmp/rdev-toolchain/go/bin/go test ./cmd/rdevd -run '^TestRemoteBrokerLeaseLifecycle$' -count=1 -timeout=2m -v
=== RUN   TestRemoteBrokerLeaseLifecycle
    remote_lifecycle_test.go:406: real SSH lease lifecycle: {"active_agent_preserved":true,"cycles":6,"elapsed_ms":65357.918,"final_daemon_ssh":0,"frontend_normal_close":3,"frontend_sigkill":3,"idle_ttl_ms":250,"new_owner_requests":60,"reap_ms":[4823.669,4632.041,4622.672,4628.015,4617.027,4619.788],"reaper_tick_ms":5000}
--- PASS: TestRemoteBrokerLeaseLifecycle (65.92s)
PASS
ok  	github.com/CIPFZ/rdev/cmd/rdevd	65.923s
