building agent linux/amd64
building agent linux/arm64
building agent darwin/amd64
building agent darwin/arm64
/data/tmp/rdev-toolchain/go/bin/go vet ./...
/data/tmp/rdev-toolchain/go/bin/go test ./... -count=1
ok  	github.com/CIPFZ/rdev/cmd/rdev	0.006s
ok  	github.com/CIPFZ/rdev/cmd/rdev-agent	33.339s
ok  	github.com/CIPFZ/rdev/cmd/rdevd	2.542s
ok  	github.com/CIPFZ/rdev/internal/broker	2.097s
ok  	github.com/CIPFZ/rdev/internal/buildinfo	0.003s
ok  	github.com/CIPFZ/rdev/internal/client	0.484s
ok  	github.com/CIPFZ/rdev/internal/framewriter	0.036s
ok  	github.com/CIPFZ/rdev/internal/mcpsrv	0.638s
ok  	github.com/CIPFZ/rdev/internal/observe	0.005s
ok  	github.com/CIPFZ/rdev/internal/proto	0.005s
ok  	github.com/CIPFZ/rdev/internal/secrets	0.004s
ok  	github.com/CIPFZ/rdev/internal/session	9.050s
ok  	github.com/CIPFZ/rdev/internal/state	0.100s
ok  	github.com/CIPFZ/rdev/internal/storage	0.032s
ok  	github.com/CIPFZ/rdev/internal/support	0.003s
ok  	github.com/CIPFZ/rdev/internal/transport	2.319s
ok       rdev-agent-linux-amd64 9e1f9c0d9ae1
ok       rdev-agent-linux-arm64 6c3335a75f3f
ok       rdev-agent-darwin-amd64 ad598210ec02
ok       rdev-agent-darwin-arm64 6b46f66a40f4
RDEV_RUN_REMOTE=1 RDEV_TEST_REMOTE='' RDEV_TEST_SSH_CONFIG='/data/tmp/rdev-validation/ssh/config' /data/tmp/rdev-toolchain/go/bin/go test ./cmd/rdevd -run '^TestRemoteBrokerApprovalIsolation$' -count=3 -timeout=2m -v
=== RUN   TestRemoteBrokerApprovalIsolation
    remote_approval_test.go:183: real SSH approval: Risk=false denied; issuer separated from executor; owner/host/path/content/append/operation substitutions denied without consuming valid approval; one append; replay/expiry/policy-change/crash denied; owner audit correlation and payload/token privacy verified
--- PASS: TestRemoteBrokerApprovalIsolation (1.13s)
=== RUN   TestRemoteBrokerApprovalIsolation
    remote_approval_test.go:183: real SSH approval: Risk=false denied; issuer separated from executor; owner/host/path/content/append/operation substitutions denied without consuming valid approval; one append; replay/expiry/policy-change/crash denied; owner audit correlation and payload/token privacy verified
--- PASS: TestRemoteBrokerApprovalIsolation (1.13s)
=== RUN   TestRemoteBrokerApprovalIsolation
    remote_approval_test.go:183: real SSH approval: Risk=false denied; issuer separated from executor; owner/host/path/content/append/operation substitutions denied without consuming valid approval; one append; replay/expiry/policy-change/crash denied; owner audit correlation and payload/token privacy verified
--- PASS: TestRemoteBrokerApprovalIsolation (1.12s)
PASS
ok  	github.com/CIPFZ/rdev/cmd/rdevd	3.378s
RDEV_RUN_REMOTE=1 RDEV_TEST_REMOTE='' RDEV_TEST_SSH_CONFIG='/data/tmp/rdev-validation/ssh/config' /data/tmp/rdev-toolchain/go/bin/go test ./cmd/rdevd -run '^TestRemoteBrokerPolicyIsolation$' -count=3 -timeout=2m -v
=== RUN   TestRemoteBrokerPolicyIsolation
    remote_policy_test.go:234: real SSH policy: queued_decision=ba733de29dfc9bef4f3861699c5e332241599a1c6608378eb91053641432d95a revoked_decision=557591ebf3e179919b7a8915db494c2f8011fd8b5906f7150235a8458771cc2f grant_and_revoke_survived_SIGKILL=true exact_host_and_project_isolation=true caller_capability_substitution=denied persistence_failure=rolled_back audit_owner_and_digest=verified
--- PASS: TestRemoteBrokerPolicyIsolation (1.14s)
=== RUN   TestRemoteBrokerPolicyIsolation
    remote_policy_test.go:234: real SSH policy: queued_decision=ba733de29dfc9bef4f3861699c5e332241599a1c6608378eb91053641432d95a revoked_decision=557591ebf3e179919b7a8915db494c2f8011fd8b5906f7150235a8458771cc2f grant_and_revoke_survived_SIGKILL=true exact_host_and_project_isolation=true caller_capability_substitution=denied persistence_failure=rolled_back audit_owner_and_digest=verified
--- PASS: TestRemoteBrokerPolicyIsolation (1.12s)
=== RUN   TestRemoteBrokerPolicyIsolation
    remote_policy_test.go:234: real SSH policy: queued_decision=ba733de29dfc9bef4f3861699c5e332241599a1c6608378eb91053641432d95a revoked_decision=557591ebf3e179919b7a8915db494c2f8011fd8b5906f7150235a8458771cc2f grant_and_revoke_survived_SIGKILL=true exact_host_and_project_isolation=true caller_capability_substitution=denied persistence_failure=rolled_back audit_owner_and_digest=verified
--- PASS: TestRemoteBrokerPolicyIsolation (1.13s)
PASS
ok  	github.com/CIPFZ/rdev/cmd/rdevd	3.393s
RDEV_RUN_REMOTE=1 RDEV_TEST_REMOTE='' RDEV_TEST_SSH_CONFIG='/data/tmp/rdev-validation/ssh/config' /data/tmp/rdev-toolchain/go/bin/go test ./cmd/rdevd -run '^TestRemoteBrokerProcesses$' -count=3 -timeout=5m -v
=== RUN   TestRemoteBrokerProcesses
    remote_process_test.go:185: real SSH multi-process benchmark: {"calls":500,"clients":20,"daemon_ssh_max":1,"elapsed_ms":1112.124,"exec_p95_ms":64.73,"ping_p50_ms":1.181,"ping_p95_ms":96.27,"ping_p99_ms":100.009,"process_samples":4,"remote_agent_distinct":1,"remote_agent_max":1,"remote_principals":20}
--- PASS: TestRemoteBrokerProcesses (3.44s)
=== RUN   TestRemoteBrokerProcesses
    remote_process_test.go:185: real SSH multi-process benchmark: {"calls":500,"clients":20,"daemon_ssh_max":1,"elapsed_ms":1115.52,"exec_p95_ms":64.614,"ping_p50_ms":1.146,"ping_p95_ms":96.958,"ping_p99_ms":101.249,"process_samples":4,"remote_agent_distinct":1,"remote_agent_max":1,"remote_principals":20}
--- PASS: TestRemoteBrokerProcesses (3.48s)
=== RUN   TestRemoteBrokerProcesses
    remote_process_test.go:185: real SSH multi-process benchmark: {"calls":500,"clients":20,"daemon_ssh_max":1,"elapsed_ms":1112.171,"exec_p95_ms":64.968,"ping_p50_ms":1.218,"ping_p95_ms":95.973,"ping_p99_ms":100.644,"process_samples":4,"remote_agent_distinct":1,"remote_agent_max":1,"remote_principals":20}
--- PASS: TestRemoteBrokerProcesses (3.44s)
PASS
ok  	github.com/CIPFZ/rdev/cmd/rdevd	10.362s
RDEV_RUN_REMOTE=1 RDEV_TEST_REMOTE='' RDEV_TEST_SSH_CONFIG='/data/tmp/rdev-validation/ssh/config' /data/tmp/rdev-toolchain/go/bin/go test ./cmd/rdevd -run '^TestRemoteBrokerRetryCancellation$' -count=3 -timeout=2m -v
=== RUN   TestRemoteBrokerRetryCancellation
    remote_lifecycle_test.go:315: real SSH retry/cancellation: old_agent=818655 replacement_agent=818705 waiter_cancel_ms=30.810 retry_cancel_ms=30.822 foreground_cancel_ms=10.633 mutation_executions=1 survivor_exec=passed shared_transport_preserved=true
--- PASS: TestRemoteBrokerRetryCancellation (4.73s)
=== RUN   TestRemoteBrokerRetryCancellation
    remote_lifecycle_test.go:315: real SSH retry/cancellation: old_agent=818816 replacement_agent=818879 waiter_cancel_ms=37.600 retry_cancel_ms=21.134 foreground_cancel_ms=20.824 mutation_executions=1 survivor_exec=passed shared_transport_preserved=true
--- PASS: TestRemoteBrokerRetryCancellation (4.71s)
=== RUN   TestRemoteBrokerRetryCancellation
    remote_lifecycle_test.go:315: real SSH retry/cancellation: old_agent=818965 replacement_agent=818999 waiter_cancel_ms=20.542 retry_cancel_ms=10.799 foreground_cancel_ms=20.862 mutation_executions=1 survivor_exec=passed shared_transport_preserved=true
--- PASS: TestRemoteBrokerRetryCancellation (4.71s)
PASS
ok  	github.com/CIPFZ/rdev/cmd/rdevd	14.147s
RDEV_RUN_REMOTE=1 RDEV_TEST_REMOTE='' RDEV_TEST_SSH_CONFIG='/data/tmp/rdev-validation/ssh/config' /data/tmp/rdev-toolchain/go/bin/go test ./cmd/rdevd -run '^TestRemoteBrokerLeaseLifecycle$' -count=1 -timeout=2m -v
=== RUN   TestRemoteBrokerLeaseLifecycle
    remote_lifecycle_test.go:412: real SSH lease lifecycle: {"active_agent_preserved":true,"cycles":6,"elapsed_ms":65368.052,"final_daemon_ssh":0,"frontend_normal_close":3,"frontend_sigkill":3,"idle_ttl_ms":250,"new_owner_requests":60,"reap_ms":[4812.949,4616.275,4630.726,4618.877,4600.176,4721.008],"reaper_tick_ms":5000}
--- PASS: TestRemoteBrokerLeaseLifecycle (65.94s)
PASS
ok  	github.com/CIPFZ/rdev/cmd/rdevd	65.941s
