building agent linux/amd64
building agent linux/arm64
building agent darwin/amd64
building agent darwin/arm64
RDEV_REMOTE_RUNTIME=1 RDEV_REMOTE_SERVICE=1 RDEV_REMOTE_SSH='' RDEV_SSH_CONFIG='/data/tmp/rdev-validation/ssh/config' RDEV_GO='/data/tmp/rdev-toolchain/go/bin/go' sh scripts/remote-rdevd-smoke.sh
rdevd authenticated readiness/permissions/single-instance/shutdown smoke: ok
=== RUN   TestDaemonRuntimeLifecycle
=== RUN   TestDaemonRuntimeLifecycle/principal_provision_expire_rotate
    runtime_integration_test.go:236: real daemon: provisioning, principal/project binding, default deny, expiry, atomic config/key reload, established-session revocation, restart passed
=== RUN   TestDaemonRuntimeLifecycle/single_instance_crash_signal
    runtime_integration_test.go:251: real UID 65534 process denied access to root-owned broker socket
    runtime_integration_test.go:278: real daemon: private socket, duplicate-start readiness, SIGKILL stale-socket recovery and SIGTERM cleanup passed
=== RUN   TestDaemonRuntimeLifecycle/startup_fail_closed
=== RUN   TestDaemonRuntimeLifecycle/startup_fail_closed/missing_key
=== RUN   TestDaemonRuntimeLifecycle/startup_fail_closed/weak_key
=== RUN   TestDaemonRuntimeLifecycle/startup_fail_closed/public_key
=== RUN   TestDaemonRuntimeLifecycle/startup_fail_closed/symlink_key
=== RUN   TestDaemonRuntimeLifecycle/startup_fail_closed/bad_config
=== RUN   TestDaemonRuntimeLifecycle/startup_fail_closed/null_config
=== RUN   TestDaemonRuntimeLifecycle/startup_fail_closed/unknown_config_field
=== RUN   TestDaemonRuntimeLifecycle/startup_fail_closed/bad_policy
=== RUN   TestDaemonRuntimeLifecycle/startup_fail_closed/bad_jobs
--- PASS: TestDaemonRuntimeLifecycle (1.70s)
    --- PASS: TestDaemonRuntimeLifecycle/principal_provision_expire_rotate (1.61s)
    --- PASS: TestDaemonRuntimeLifecycle/single_instance_crash_signal (0.06s)
    --- PASS: TestDaemonRuntimeLifecycle/startup_fail_closed (0.03s)
        --- PASS: TestDaemonRuntimeLifecycle/startup_fail_closed/missing_key (0.00s)
        --- PASS: TestDaemonRuntimeLifecycle/startup_fail_closed/weak_key (0.00s)
        --- PASS: TestDaemonRuntimeLifecycle/startup_fail_closed/public_key (0.00s)
        --- PASS: TestDaemonRuntimeLifecycle/startup_fail_closed/symlink_key (0.00s)
        --- PASS: TestDaemonRuntimeLifecycle/startup_fail_closed/bad_config (0.00s)
        --- PASS: TestDaemonRuntimeLifecycle/startup_fail_closed/null_config (0.00s)
        --- PASS: TestDaemonRuntimeLifecycle/startup_fail_closed/unknown_config_field (0.00s)
        --- PASS: TestDaemonRuntimeLifecycle/startup_fail_closed/bad_policy (0.00s)
        --- PASS: TestDaemonRuntimeLifecycle/startup_fail_closed/bad_jobs (0.00s)
PASS
Created symlink /root/.config/systemd/user/rdevd-phase5-service-735149.service → /tmp/rdev-remote-smoke.CBQ7uv/service/rdevd-phase5-service-735149.service.
Created symlink /root/.config/systemd/user/default.target.wants/rdevd-phase5-service-735149.service → /tmp/rdev-remote-smoke.CBQ7uv/service/rdevd-phase5-service-735149.service.
systemd user install/enable/start/reload/SIGKILL recovery/stop/start: ok (pid 735171 -> 735230)
