building agent linux/amd64
building agent linux/arm64
building agent darwin/amd64
building agent darwin/arm64
/data/tmp/rdev-toolchain/go/bin/go vet ./...
/data/tmp/rdev-toolchain/go/bin/go test ./... -count=1
ok  	github.com/CIPFZ/rdev/cmd/rdev	0.005s
ok  	github.com/CIPFZ/rdev/cmd/rdev-agent	33.266s
ok  	github.com/CIPFZ/rdev/cmd/rdevd	3.325s
ok  	github.com/CIPFZ/rdev/internal/broker	1.809s
ok  	github.com/CIPFZ/rdev/internal/buildinfo	0.003s
ok  	github.com/CIPFZ/rdev/internal/client	0.446s
ok  	github.com/CIPFZ/rdev/internal/framewriter	0.037s
ok  	github.com/CIPFZ/rdev/internal/mcpsrv	0.730s
ok  	github.com/CIPFZ/rdev/internal/observe	0.005s
ok  	github.com/CIPFZ/rdev/internal/proto	0.005s
ok  	github.com/CIPFZ/rdev/internal/secrets	0.007s
ok  	github.com/CIPFZ/rdev/internal/session	10.020s
ok  	github.com/CIPFZ/rdev/internal/state	0.093s
ok  	github.com/CIPFZ/rdev/internal/storage	0.047s
ok  	github.com/CIPFZ/rdev/internal/support	0.006s
ok  	github.com/CIPFZ/rdev/internal/transport	2.333s
ok       rdev-agent-linux-amd64 10c04f129008
ok       rdev-agent-linux-arm64 9171d99c9d97
ok       rdev-agent-darwin-amd64 5577c395111a
ok       rdev-agent-darwin-arm64 690d546ff2fe
RDEV_RUN_REMOTE=1 RDEV_TEST_REMOTE='' RDEV_TEST_SSH_CONFIG='/data/tmp/rdev-validation/ssh/config' /data/tmp/rdev-toolchain/go/bin/go test ./cmd/rdevd -run '^TestRemoteBrokerProcesses$' -count=3 -timeout=5m -v
=== RUN   TestRemoteBrokerProcesses
    remote_process_test.go:229: real SSH multi-process benchmark: {"calls":500,"clients":20,"daemon_ssh_max":1,"elapsed_ms":1395.335,"exec_p95_ms":57.144,"ping_p50_ms":22.92,"ping_p95_ms":117.849,"ping_p99_ms":143.807,"process_samples":5,"remote_agent_distinct":1,"remote_agent_max":1,"remote_principals":20}
--- PASS: TestRemoteBrokerProcesses (2.02s)
=== RUN   TestRemoteBrokerProcesses
    remote_process_test.go:229: real SSH multi-process benchmark: {"calls":500,"clients":20,"daemon_ssh_max":1,"elapsed_ms":1397.891,"exec_p95_ms":54.162,"ping_p50_ms":24.047,"ping_p95_ms":109.958,"ping_p99_ms":141.61,"process_samples":5,"remote_agent_distinct":1,"remote_agent_max":1,"remote_principals":20}
--- PASS: TestRemoteBrokerProcesses (2.02s)
=== RUN   TestRemoteBrokerProcesses
    remote_process_test.go:229: real SSH multi-process benchmark: {"calls":500,"clients":20,"daemon_ssh_max":1,"elapsed_ms":1397.152,"exec_p95_ms":57.258,"ping_p50_ms":23.363,"ping_p95_ms":110.061,"ping_p99_ms":133.744,"process_samples":5,"remote_agent_distinct":1,"remote_agent_max":1,"remote_principals":20}
--- PASS: TestRemoteBrokerProcesses (2.01s)
PASS
ok  	github.com/CIPFZ/rdev/cmd/rdevd	6.061s
