building agent linux/amd64
building agent linux/arm64
building agent darwin/amd64
building agent darwin/arm64
/data/tmp/rdev-toolchain/go/bin/go vet ./...
/data/tmp/rdev-toolchain/go/bin/go test ./... -count=1
ok  	github.com/CIPFZ/rdev/cmd/rdev	0.005s
ok  	github.com/CIPFZ/rdev/cmd/rdev-agent	33.594s
ok  	github.com/CIPFZ/rdev/cmd/rdevd	9.570s
ok  	github.com/CIPFZ/rdev/internal/broker	5.300s
ok  	github.com/CIPFZ/rdev/internal/buildinfo	0.003s
ok  	github.com/CIPFZ/rdev/internal/client	0.473s
ok  	github.com/CIPFZ/rdev/internal/framewriter	0.038s
ok  	github.com/CIPFZ/rdev/internal/mcpsrv	0.663s
ok  	github.com/CIPFZ/rdev/internal/observe	0.005s
ok  	github.com/CIPFZ/rdev/internal/proto	0.003s
ok  	github.com/CIPFZ/rdev/internal/secrets	0.006s
ok  	github.com/CIPFZ/rdev/internal/session	10.961s
ok  	github.com/CIPFZ/rdev/internal/state	0.121s
ok  	github.com/CIPFZ/rdev/internal/storage	0.034s
ok  	github.com/CIPFZ/rdev/internal/support	0.003s
ok  	github.com/CIPFZ/rdev/internal/transport	2.378s
ok       rdev-agent-linux-amd64 980f57d86049
ok       rdev-agent-linux-arm64 eaa15782c362
ok       rdev-agent-darwin-amd64 3893337ae9a2
ok       rdev-agent-darwin-arm64 175e90ad33d5
RDEV_RUN_REMOTE=1 RDEV_TEST_REMOTE='service-deploy' RDEV_TEST_SSH_CONFIG='/data/tmp/rdev-validation/ssh/config' /data/tmp/rdev-toolchain/go/bin/go test ./cmd/rdevd -run '^TestRemoteBrokerFleetBoundary$' -count=3 -timeout=2m -v
=== RUN   TestRemoteBrokerFleetBoundary
    remote_fleet_boundary_test.go:174: real daemon/SSH: fleet.plan/execute/approve default deny across projects; explicit fleet grants remain unsupported; capability/inner-wire/approval substitutions create no SSH or mutation; exact owner request/result audit; valid approval and stable operation ID remain usable exactly once; same boundary after SIGKILL
--- PASS: TestRemoteBrokerFleetBoundary (1.39s)
=== RUN   TestRemoteBrokerFleetBoundary
    remote_fleet_boundary_test.go:174: real daemon/SSH: fleet.plan/execute/approve default deny across projects; explicit fleet grants remain unsupported; capability/inner-wire/approval substitutions create no SSH or mutation; exact owner request/result audit; valid approval and stable operation ID remain usable exactly once; same boundary after SIGKILL
--- PASS: TestRemoteBrokerFleetBoundary (1.35s)
=== RUN   TestRemoteBrokerFleetBoundary
    remote_fleet_boundary_test.go:174: real daemon/SSH: fleet.plan/execute/approve default deny across projects; explicit fleet grants remain unsupported; capability/inner-wire/approval substitutions create no SSH or mutation; exact owner request/result audit; valid approval and stable operation ID remain usable exactly once; same boundary after SIGKILL
--- PASS: TestRemoteBrokerFleetBoundary (1.38s)
PASS
ok  	github.com/CIPFZ/rdev/cmd/rdevd	4.122s
RDEV_RUN_REMOTE=1 RDEV_TEST_REMOTE='service-deploy' RDEV_TEST_SSH_CONFIG='/data/tmp/rdev-validation/ssh/config' /data/tmp/rdev-toolchain/go/bin/go test ./cmd/rdevd -run '^TestRemoteBrokerRoutes$' -count=3 -timeout=2m -v
=== RUN   TestRemoteBrokerRoutes
=== RUN   TestRemoteBrokerRoutes/absent_and_malformed
    remote_routes_test.go:108: actual daemon: absent/malformed routes rejected before dial; policy denial precedes route lookup; owner-only rejection audit; valid remote ping preserved
=== RUN   TestRemoteBrokerRoutes/scoped_policy
    remote_routes_test.go:196: actual daemon: scoped admin cannot grant/revoke globally or another host; matching host grant/revoke survives SIGKILL; other project cannot administer; only intended host executes
=== RUN   TestRemoteBrokerRoutes/scoped_approval_and_mutation
    remote_routes_test.go:310: actual daemon/SSH: host-scoped approval issuance bound to nested host; rejection preserves approval; two approved appends exactly once across crash; mutation outcomes filtered by host and project before/after SIGKILL, absent/out-of-scope indistinguishable
--- PASS: TestRemoteBrokerRoutes (2.41s)
    --- PASS: TestRemoteBrokerRoutes/absent_and_malformed (0.70s)
    --- PASS: TestRemoteBrokerRoutes/scoped_policy (0.78s)
    --- PASS: TestRemoteBrokerRoutes/scoped_approval_and_mutation (0.93s)
=== RUN   TestRemoteBrokerRoutes
=== RUN   TestRemoteBrokerRoutes/absent_and_malformed
    remote_routes_test.go:108: actual daemon: absent/malformed routes rejected before dial; policy denial precedes route lookup; owner-only rejection audit; valid remote ping preserved
=== RUN   TestRemoteBrokerRoutes/scoped_policy
    remote_routes_test.go:196: actual daemon: scoped admin cannot grant/revoke globally or another host; matching host grant/revoke survives SIGKILL; other project cannot administer; only intended host executes
=== RUN   TestRemoteBrokerRoutes/scoped_approval_and_mutation
    remote_routes_test.go:310: actual daemon/SSH: host-scoped approval issuance bound to nested host; rejection preserves approval; two approved appends exactly once across crash; mutation outcomes filtered by host and project before/after SIGKILL, absent/out-of-scope indistinguishable
--- PASS: TestRemoteBrokerRoutes (2.44s)
    --- PASS: TestRemoteBrokerRoutes/absent_and_malformed (0.72s)
    --- PASS: TestRemoteBrokerRoutes/scoped_policy (0.77s)
    --- PASS: TestRemoteBrokerRoutes/scoped_approval_and_mutation (0.94s)
=== RUN   TestRemoteBrokerRoutes
=== RUN   TestRemoteBrokerRoutes/absent_and_malformed
    remote_routes_test.go:108: actual daemon: absent/malformed routes rejected before dial; policy denial precedes route lookup; owner-only rejection audit; valid remote ping preserved
=== RUN   TestRemoteBrokerRoutes/scoped_policy
    remote_routes_test.go:196: actual daemon: scoped admin cannot grant/revoke globally or another host; matching host grant/revoke survives SIGKILL; other project cannot administer; only intended host executes
=== RUN   TestRemoteBrokerRoutes/scoped_approval_and_mutation
    remote_routes_test.go:310: actual daemon/SSH: host-scoped approval issuance bound to nested host; rejection preserves approval; two approved appends exactly once across crash; mutation outcomes filtered by host and project before/after SIGKILL, absent/out-of-scope indistinguishable
--- PASS: TestRemoteBrokerRoutes (2.45s)
    --- PASS: TestRemoteBrokerRoutes/absent_and_malformed (0.71s)
    --- PASS: TestRemoteBrokerRoutes/scoped_policy (0.77s)
    --- PASS: TestRemoteBrokerRoutes/scoped_approval_and_mutation (0.97s)
PASS
ok  	github.com/CIPFZ/rdev/cmd/rdevd	7.305s
RDEV_RUN_REMOTE=1 RDEV_TEST_REMOTE='service-deploy' RDEV_TEST_SSH_CONFIG='/data/tmp/rdev-validation/ssh/config' /data/tmp/rdev-toolchain/go/bin/go test ./cmd/rdevd -run '^TestRemoteBrokerApprovalIsolation$' -count=3 -timeout=2m -v
=== RUN   TestRemoteBrokerApprovalIsolation
    remote_approval_test.go:183: real SSH approval: Risk=false denied; issuer separated from executor; owner/host/path/content/append/operation substitutions denied without consuming valid approval; one append; replay/expiry/policy-change/crash denied; owner audit correlation and payload/token privacy verified
--- PASS: TestRemoteBrokerApprovalIsolation (1.18s)
=== RUN   TestRemoteBrokerApprovalIsolation
    remote_approval_test.go:183: real SSH approval: Risk=false denied; issuer separated from executor; owner/host/path/content/append/operation substitutions denied without consuming valid approval; one append; replay/expiry/policy-change/crash denied; owner audit correlation and payload/token privacy verified
--- PASS: TestRemoteBrokerApprovalIsolation (1.17s)
=== RUN   TestRemoteBrokerApprovalIsolation
    remote_approval_test.go:183: real SSH approval: Risk=false denied; issuer separated from executor; owner/host/path/content/append/operation substitutions denied without consuming valid approval; one append; replay/expiry/policy-change/crash denied; owner audit correlation and payload/token privacy verified
--- PASS: TestRemoteBrokerApprovalIsolation (1.19s)
PASS
ok  	github.com/CIPFZ/rdev/cmd/rdevd	3.536s
RDEV_RUN_REMOTE=1 RDEV_TEST_REMOTE='service-deploy' RDEV_TEST_SSH_CONFIG='/data/tmp/rdev-validation/ssh/config' /data/tmp/rdev-toolchain/go/bin/go test ./cmd/rdevd -run '^TestRemoteBrokerPolicyIsolation$' -count=3 -timeout=2m -v
=== RUN   TestRemoteBrokerPolicyIsolation
    remote_policy_test.go:234: real SSH policy: queued_decision=ba733de29dfc9bef4f3861699c5e332241599a1c6608378eb91053641432d95a revoked_decision=557591ebf3e179919b7a8915db494c2f8011fd8b5906f7150235a8458771cc2f grant_and_revoke_survived_SIGKILL=true exact_host_and_project_isolation=true caller_capability_substitution=denied persistence_failure=rolled_back audit_owner_and_digest=verified
--- PASS: TestRemoteBrokerPolicyIsolation (1.23s)
=== RUN   TestRemoteBrokerPolicyIsolation
    remote_policy_test.go:234: real SSH policy: queued_decision=ba733de29dfc9bef4f3861699c5e332241599a1c6608378eb91053641432d95a revoked_decision=557591ebf3e179919b7a8915db494c2f8011fd8b5906f7150235a8458771cc2f grant_and_revoke_survived_SIGKILL=true exact_host_and_project_isolation=true caller_capability_substitution=denied persistence_failure=rolled_back audit_owner_and_digest=verified
--- PASS: TestRemoteBrokerPolicyIsolation (1.22s)
=== RUN   TestRemoteBrokerPolicyIsolation
    remote_policy_test.go:234: real SSH policy: queued_decision=ba733de29dfc9bef4f3861699c5e332241599a1c6608378eb91053641432d95a revoked_decision=557591ebf3e179919b7a8915db494c2f8011fd8b5906f7150235a8458771cc2f grant_and_revoke_survived_SIGKILL=true exact_host_and_project_isolation=true caller_capability_substitution=denied persistence_failure=rolled_back audit_owner_and_digest=verified
--- PASS: TestRemoteBrokerPolicyIsolation (1.23s)
PASS
ok  	github.com/CIPFZ/rdev/cmd/rdevd	3.680s
/data/tmp/rdev-toolchain/go/bin/go test ./cmd/rdevd -run TestUnixBrokerTwentyClients -count=100 -timeout=5m
ok  	github.com/CIPFZ/rdev/cmd/rdevd	0.385s
rdevd authenticated readiness/permissions/single-instance/shutdown smoke: ok
RDEV_REMOTE_RUNTIME=1 RDEV_REMOTE_SERVICE=1 RDEV_REMOTE_SSH='service-deploy' RDEV_SSH_CONFIG='/data/tmp/rdev-validation/ssh/config' RDEV_GO='/data/tmp/rdev-toolchain/go/bin/go' sh scripts/remote-rdevd-smoke.sh
remote validation source: 4bfdf06
rdevd artifact sha256: 8ef946982e78aeb59c3dea40500652450dbf35d39d797199040eb70180da2ea4
rdevd authenticated readiness/permissions/single-instance/shutdown smoke: ok
=== RUN   TestDaemonRuntimeLifecycle
=== RUN   TestDaemonRuntimeLifecycle/principal_provision_expire_rotate
    runtime_integration_test.go:241: real daemon: provisioning, principal/project binding, default deny, expiry, atomic config/key reload, established-session revocation, restart passed
=== RUN   TestDaemonRuntimeLifecycle/single_instance_crash_signal
    runtime_integration_test.go:256: real UID 65534 process denied access to root-owned broker socket
    runtime_integration_test.go:283: real daemon: private socket, duplicate-start readiness, SIGKILL stale-socket recovery and SIGTERM cleanup passed
=== RUN   TestDaemonRuntimeLifecycle/audit_owner_query_restart
    runtime_integration_test.go:345: real daemon: colliding owner display names isolated, decision/result timestamps queried before and after restart, untrusted text excluded
=== RUN   TestDaemonRuntimeLifecycle/startup_fail_closed
=== RUN   TestDaemonRuntimeLifecycle/startup_fail_closed/missing_key
=== RUN   TestDaemonRuntimeLifecycle/startup_fail_closed/weak_key
=== RUN   TestDaemonRuntimeLifecycle/startup_fail_closed/public_key
=== RUN   TestDaemonRuntimeLifecycle/startup_fail_closed/symlink_key
=== RUN   TestDaemonRuntimeLifecycle/startup_fail_closed/bad_config
=== RUN   TestDaemonRuntimeLifecycle/startup_fail_closed/null_config
=== RUN   TestDaemonRuntimeLifecycle/startup_fail_closed/unknown_config_field
=== RUN   TestDaemonRuntimeLifecycle/startup_fail_closed/bad_policy
=== RUN   TestDaemonRuntimeLifecycle/startup_fail_closed/null_policy
=== RUN   TestDaemonRuntimeLifecycle/startup_fail_closed/duplicate_policy
=== RUN   TestDaemonRuntimeLifecycle/startup_fail_closed/public_policy
=== RUN   TestDaemonRuntimeLifecycle/startup_fail_closed/bad_jobs
=== RUN   TestDaemonRuntimeLifecycle/startup_fail_closed/bad_events
=== RUN   TestDaemonRuntimeLifecycle/startup_fail_closed/null_events
=== RUN   TestDaemonRuntimeLifecycle/startup_fail_closed/public_events
=== RUN   TestDaemonRuntimeLifecycle/startup_fail_closed/bad_secrets
=== RUN   TestDaemonRuntimeLifecycle/startup_fail_closed/null_secrets
=== RUN   TestDaemonRuntimeLifecycle/startup_fail_closed/public_secrets
=== RUN   TestDaemonRuntimeLifecycle/startup_fail_closed/duplicate_secrets
=== RUN   TestDaemonRuntimeLifecycle/startup_fail_closed/symlink_secrets
=== RUN   TestDaemonRuntimeLifecycle/startup_fail_closed/bad_continuity
=== RUN   TestDaemonRuntimeLifecycle/startup_fail_closed/null_continuity
=== RUN   TestDaemonRuntimeLifecycle/startup_fail_closed/public_continuity
=== RUN   TestDaemonRuntimeLifecycle/startup_fail_closed/bad_hosts
=== RUN   TestDaemonRuntimeLifecycle/startup_fail_closed/public_hosts
=== RUN   TestDaemonRuntimeLifecycle/startup_fail_closed/unknown_host_field
=== RUN   TestDaemonRuntimeLifecycle/startup_fail_closed/duplicate_hosts
--- PASS: TestDaemonRuntimeLifecycle (2.04s)
    --- PASS: TestDaemonRuntimeLifecycle/principal_provision_expire_rotate (1.66s)
    --- PASS: TestDaemonRuntimeLifecycle/single_instance_crash_signal (0.06s)
    --- PASS: TestDaemonRuntimeLifecycle/audit_owner_query_restart (0.07s)
    --- PASS: TestDaemonRuntimeLifecycle/startup_fail_closed (0.25s)
        --- PASS: TestDaemonRuntimeLifecycle/startup_fail_closed/missing_key (0.00s)
        --- PASS: TestDaemonRuntimeLifecycle/startup_fail_closed/weak_key (0.00s)
        --- PASS: TestDaemonRuntimeLifecycle/startup_fail_closed/public_key (0.00s)
        --- PASS: TestDaemonRuntimeLifecycle/startup_fail_closed/symlink_key (0.00s)
        --- PASS: TestDaemonRuntimeLifecycle/startup_fail_closed/bad_config (0.00s)
        --- PASS: TestDaemonRuntimeLifecycle/startup_fail_closed/null_config (0.00s)
        --- PASS: TestDaemonRuntimeLifecycle/startup_fail_closed/unknown_config_field (0.00s)
        --- PASS: TestDaemonRuntimeLifecycle/startup_fail_closed/bad_policy (0.00s)
        --- PASS: TestDaemonRuntimeLifecycle/startup_fail_closed/null_policy (0.00s)
        --- PASS: TestDaemonRuntimeLifecycle/startup_fail_closed/duplicate_policy (0.00s)
        --- PASS: TestDaemonRuntimeLifecycle/startup_fail_closed/public_policy (0.00s)
        --- PASS: TestDaemonRuntimeLifecycle/startup_fail_closed/bad_jobs (0.01s)
        --- PASS: TestDaemonRuntimeLifecycle/startup_fail_closed/bad_events (0.02s)
        --- PASS: TestDaemonRuntimeLifecycle/startup_fail_closed/null_events (0.02s)
        --- PASS: TestDaemonRuntimeLifecycle/startup_fail_closed/public_events (0.02s)
        --- PASS: TestDaemonRuntimeLifecycle/startup_fail_closed/bad_secrets (0.01s)
        --- PASS: TestDaemonRuntimeLifecycle/startup_fail_closed/null_secrets (0.01s)
        --- PASS: TestDaemonRuntimeLifecycle/startup_fail_closed/public_secrets (0.02s)
        --- PASS: TestDaemonRuntimeLifecycle/startup_fail_closed/duplicate_secrets (0.01s)
        --- PASS: TestDaemonRuntimeLifecycle/startup_fail_closed/symlink_secrets (0.02s)
        --- PASS: TestDaemonRuntimeLifecycle/startup_fail_closed/bad_continuity (0.01s)
        --- PASS: TestDaemonRuntimeLifecycle/startup_fail_closed/null_continuity (0.01s)
        --- PASS: TestDaemonRuntimeLifecycle/startup_fail_closed/public_continuity (0.00s)
        --- PASS: TestDaemonRuntimeLifecycle/startup_fail_closed/bad_hosts (0.01s)
        --- PASS: TestDaemonRuntimeLifecycle/startup_fail_closed/public_hosts (0.01s)
        --- PASS: TestDaemonRuntimeLifecycle/startup_fail_closed/unknown_host_field (0.01s)
        --- PASS: TestDaemonRuntimeLifecycle/startup_fail_closed/duplicate_hosts (0.01s)
PASS
Created symlink /root/.config/systemd/user/rdevd-phase5-service-1425122.service → /tmp/rdev-remote-smoke.hTk0Np/service/rdevd-phase5-service-1425122.service.
Created symlink /root/.config/systemd/user/default.target.wants/rdevd-phase5-service-1425122.service → /tmp/rdev-remote-smoke.hTk0Np/service/rdevd-phase5-service-1425122.service.
systemd user install/enable/start/reload/SIGKILL recovery/stop/start: ok (pid 1425144 -> 1425208)
