building agent linux/amd64
building agent linux/arm64
building agent darwin/amd64
building agent darwin/arm64
RDEV_RUN_REMOTE=1 RDEV_TEST_REMOTE='service-deploy' RDEV_TEST_SSH_CONFIG='/data/tmp/rdev-validation/ssh/config' /data/tmp/rdev-toolchain/go/bin/go test ./cmd/rdevd -run '^TestRemoteBrokerQoS$' -count=3 -timeout=4m -v
=== RUN   TestRemoteBrokerQoS
    remote_qos_test.go:200: sustained real SSH phase: weights 3:1, two backlogged owners, 18 bulk processes and two control processes
    remote_qos_test.go:313: real remote QoS evidence: {"audit_sink":{"rotations":1,"state":"ok","accepted":48832,"written":48832,"dropped":0,"errors":0,"recovered":0,"pending":0},"bulk_idle_reaped":true,"bulk_idle_ttl_ms":1000,"bulk_processes":18,"bytes_per_read":344064,"control_latency":{"0":{"baseline_p95_ms":1.38,"bulk_p95_ms":1.992,"ratio":1.4434782608695653},"1":{"baseline_p95_ms":1.415,"bulk_p95_ms":1.908,"ratio":1.3484098939929328}},"control_processes":2,"dedicated_bulk_transport":true,"owner_a_payload_bytes":212287488,"owner_b_payload_bytes":244629504,"owner_sigkill_recovery":true,"processes":20,"same_base_agent":true,"windows":[{"phase":"weight-3-1","A":458,"B":153,"ratio_a_b":2.9934640522875817,"Samples":25,"Backlogged":25,"MaxGapA":1.011702759,"MaxGapB":1.011702759,"ARejected":4436,"BRejected":4739},{"phase":"weight-1-3","A":152,"B":459,"ratio_a_b":0.3311546840958606,"Samples":25,"Backlogged":25,"MaxGapA":1.010360626,"MaxGapB":1.010360626,"ARejected":4744,"BRejected":4436}]}
--- PASS: TestRemoteBrokerQoS (66.12s)
=== RUN   TestRemoteBrokerQoS
    remote_qos_test.go:200: sustained real SSH phase: weights 3:1, two backlogged owners, 18 bulk processes and two control processes
    remote_qos_test.go:313: real remote QoS evidence: {"audit_sink":{"rotations":1,"state":"ok","accepted":48814,"written":48814,"dropped":0,"errors":0,"recovered":0,"pending":0},"bulk_idle_reaped":true,"bulk_idle_ttl_ms":1000,"bulk_processes":18,"bytes_per_read":344064,"control_latency":{"0":{"baseline_p95_ms":1.308,"bulk_p95_ms":1.769,"ratio":1.352446483180428},"1":{"baseline_p95_ms":1.338,"bulk_p95_ms":1.736,"ratio":1.2974588938714497}},"control_processes":2,"dedicated_bulk_transport":true,"owner_a_payload_bytes":212287488,"owner_b_payload_bytes":244285440,"owner_sigkill_recovery":true,"processes":20,"same_base_agent":true,"windows":[{"phase":"weight-3-1","A":458,"B":152,"ratio_a_b":3.013157894736842,"Samples":25,"Backlogged":25,"MaxGapA":1.010811651,"MaxGapB":1.010811651,"ARejected":4434,"BRejected":4747},{"phase":"weight-1-3","A":152,"B":459,"ratio_a_b":0.3311546840958606,"Samples":25,"Backlogged":25,"MaxGapA":1.010936196,"MaxGapB":1.010936196,"ARejected":4740,"BRejected":4435}]}
--- PASS: TestRemoteBrokerQoS (66.10s)
=== RUN   TestRemoteBrokerQoS
    remote_qos_test.go:200: sustained real SSH phase: weights 3:1, two backlogged owners, 18 bulk processes and two control processes
    remote_qos_test.go:313: real remote QoS evidence: {"audit_sink":{"rotations":1,"state":"ok","accepted":48816,"written":48816,"dropped":0,"errors":0,"recovered":0,"pending":0},"bulk_idle_reaped":true,"bulk_idle_ttl_ms":1000,"bulk_processes":18,"bytes_per_read":344064,"control_latency":{"0":{"baseline_p95_ms":1.273,"bulk_p95_ms":1.744,"ratio":1.3699921445404557},"1":{"baseline_p95_ms":1.273,"bulk_p95_ms":1.732,"ratio":1.3605655930871956}},"control_processes":2,"dedicated_bulk_transport":true,"owner_a_payload_bytes":212287488,"owner_b_payload_bytes":244629504,"owner_sigkill_recovery":true,"processes":20,"same_base_agent":true,"windows":[{"phase":"weight-3-1","A":458,"B":153,"ratio_a_b":2.9934640522875817,"Samples":25,"Backlogged":25,"MaxGapA":1.010396616,"MaxGapB":1.010396616,"ARejected":4433,"BRejected":4735},{"phase":"weight-1-3","A":153,"B":459,"ratio_a_b":0.3333333333333333,"Samples":25,"Backlogged":25,"MaxGapA":1.010376733,"MaxGapB":1.010376733,"ARejected":4742,"BRejected":4439}]}
--- PASS: TestRemoteBrokerQoS (66.11s)
PASS
ok  	github.com/CIPFZ/rdev/cmd/rdevd	198.329s
/data/tmp/rdev-toolchain/go/bin/go test ./cmd/rdevd -run TestUnixBrokerTwentyClients -count=100 -timeout=5m
ok  	github.com/CIPFZ/rdev/cmd/rdevd	0.359s
rdevd authenticated readiness/permissions/single-instance/shutdown smoke: ok
RDEV_REMOTE_RUNTIME=1 RDEV_REMOTE_SERVICE=1 RDEV_REMOTE_SSH='service-deploy' RDEV_SSH_CONFIG='/data/tmp/rdev-validation/ssh/config' RDEV_GO='/data/tmp/rdev-toolchain/go/bin/go' sh scripts/remote-rdevd-smoke.sh
remote validation source: 7026bdf
rdevd artifact sha256: d44ca0e01426af2404d1661661e753f90e601d840bdb2830bb2a3bee0e450bba
rdevd authenticated readiness/permissions/single-instance/shutdown smoke: ok
=== RUN   TestDaemonRuntimeLifecycle
=== RUN   TestDaemonRuntimeLifecycle/principal_provision_expire_rotate
    runtime_integration_test.go:241: real daemon: provisioning, principal/project binding, default deny, expiry, atomic config/key reload, established-session revocation, restart passed
=== RUN   TestDaemonRuntimeLifecycle/single_instance_crash_signal
    runtime_integration_test.go:256: real UID 65534 process denied access to root-owned broker socket
    runtime_integration_test.go:283: real daemon: private socket, duplicate-start readiness, SIGKILL stale-socket recovery and SIGTERM cleanup passed
=== RUN   TestDaemonRuntimeLifecycle/audit_owner_query_restart
    runtime_integration_test.go:345: real daemon: colliding owner display names isolated, decision/result timestamps queried before and after restart, untrusted text excluded
=== RUN   TestDaemonRuntimeLifecycle/startup_fail_closed
=== RUN   TestDaemonRuntimeLifecycle/startup_fail_closed/missing_key
=== RUN   TestDaemonRuntimeLifecycle/startup_fail_closed/weak_key
=== RUN   TestDaemonRuntimeLifecycle/startup_fail_closed/public_key
=== RUN   TestDaemonRuntimeLifecycle/startup_fail_closed/symlink_key
=== RUN   TestDaemonRuntimeLifecycle/startup_fail_closed/bad_config
=== RUN   TestDaemonRuntimeLifecycle/startup_fail_closed/null_config
=== RUN   TestDaemonRuntimeLifecycle/startup_fail_closed/unknown_config_field
=== RUN   TestDaemonRuntimeLifecycle/startup_fail_closed/bad_policy
=== RUN   TestDaemonRuntimeLifecycle/startup_fail_closed/null_policy
=== RUN   TestDaemonRuntimeLifecycle/startup_fail_closed/duplicate_policy
=== RUN   TestDaemonRuntimeLifecycle/startup_fail_closed/public_policy
=== RUN   TestDaemonRuntimeLifecycle/startup_fail_closed/bad_jobs
=== RUN   TestDaemonRuntimeLifecycle/startup_fail_closed/bad_events
=== RUN   TestDaemonRuntimeLifecycle/startup_fail_closed/null_events
=== RUN   TestDaemonRuntimeLifecycle/startup_fail_closed/public_events
=== RUN   TestDaemonRuntimeLifecycle/startup_fail_closed/bad_hosts
=== RUN   TestDaemonRuntimeLifecycle/startup_fail_closed/public_hosts
=== RUN   TestDaemonRuntimeLifecycle/startup_fail_closed/unknown_host_field
=== RUN   TestDaemonRuntimeLifecycle/startup_fail_closed/duplicate_hosts
--- PASS: TestDaemonRuntimeLifecycle (1.65s)
    --- PASS: TestDaemonRuntimeLifecycle/principal_provision_expire_rotate (1.41s)
    --- PASS: TestDaemonRuntimeLifecycle/single_instance_crash_signal (0.06s)
    --- PASS: TestDaemonRuntimeLifecycle/audit_owner_query_restart (0.04s)
    --- PASS: TestDaemonRuntimeLifecycle/startup_fail_closed (0.13s)
        --- PASS: TestDaemonRuntimeLifecycle/startup_fail_closed/missing_key (0.00s)
        --- PASS: TestDaemonRuntimeLifecycle/startup_fail_closed/weak_key (0.00s)
        --- PASS: TestDaemonRuntimeLifecycle/startup_fail_closed/public_key (0.00s)
        --- PASS: TestDaemonRuntimeLifecycle/startup_fail_closed/symlink_key (0.00s)
        --- PASS: TestDaemonRuntimeLifecycle/startup_fail_closed/bad_config (0.00s)
        --- PASS: TestDaemonRuntimeLifecycle/startup_fail_closed/null_config (0.00s)
        --- PASS: TestDaemonRuntimeLifecycle/startup_fail_closed/unknown_config_field (0.00s)
        --- PASS: TestDaemonRuntimeLifecycle/startup_fail_closed/bad_policy (0.00s)
        --- PASS: TestDaemonRuntimeLifecycle/startup_fail_closed/null_policy (0.00s)
        --- PASS: TestDaemonRuntimeLifecycle/startup_fail_closed/duplicate_policy (0.00s)
        --- PASS: TestDaemonRuntimeLifecycle/startup_fail_closed/public_policy (0.00s)
        --- PASS: TestDaemonRuntimeLifecycle/startup_fail_closed/bad_jobs (0.01s)
        --- PASS: TestDaemonRuntimeLifecycle/startup_fail_closed/bad_events (0.02s)
        --- PASS: TestDaemonRuntimeLifecycle/startup_fail_closed/null_events (0.02s)
        --- PASS: TestDaemonRuntimeLifecycle/startup_fail_closed/public_events (0.01s)
        --- PASS: TestDaemonRuntimeLifecycle/startup_fail_closed/bad_hosts (0.01s)
        --- PASS: TestDaemonRuntimeLifecycle/startup_fail_closed/public_hosts (0.01s)
        --- PASS: TestDaemonRuntimeLifecycle/startup_fail_closed/unknown_host_field (0.01s)
        --- PASS: TestDaemonRuntimeLifecycle/startup_fail_closed/duplicate_hosts (0.01s)
PASS
Created symlink /root/.config/systemd/user/rdevd-phase5-service-950276.service → /tmp/rdev-remote-smoke.SUGbkZ/service/rdevd-phase5-service-950276.service.
Created symlink /root/.config/systemd/user/default.target.wants/rdevd-phase5-service-950276.service → /tmp/rdev-remote-smoke.SUGbkZ/service/rdevd-phase5-service-950276.service.
systemd user install/enable/start/reload/SIGKILL recovery/stop/start: ok (pid 950298 -> 950368)
