=== RUN   TestRemoteBrokerApprovalIsolation
    remote_approval_test.go:183: real SSH approval: Risk=false denied; issuer separated from executor; owner/host/path/content/append/operation substitutions denied without consuming valid approval; one append; replay/expiry/policy-change/crash denied; owner audit correlation and payload/token privacy verified
--- PASS: TestRemoteBrokerApprovalIsolation (1.15s)
=== RUN   TestRemoteBrokerFleetBoundary
    remote_fleet_boundary_test.go:174: real daemon/SSH: fleet.plan/execute/approve default deny across projects; explicit fleet grants remain unsupported; capability/inner-wire/approval substitutions create no SSH or mutation; exact owner request/result audit; valid approval and stable operation ID remain usable exactly once; same boundary after SIGKILL
--- PASS: TestRemoteBrokerFleetBoundary (1.26s)
=== RUN   TestRemoteBrokerPolicyIsolation
    remote_policy_test.go:234: real SSH policy: queued_decision=ba733de29dfc9bef4f3861699c5e332241599a1c6608378eb91053641432d95a revoked_decision=557591ebf3e179919b7a8915db494c2f8011fd8b5906f7150235a8458771cc2f grant_and_revoke_survived_SIGKILL=true exact_host_and_project_isolation=true caller_capability_substitution=denied persistence_failure=rolled_back audit_owner_and_digest=verified
--- PASS: TestRemoteBrokerPolicyIsolation (1.12s)
=== RUN   TestRemoteBrokerRoutes
=== RUN   TestRemoteBrokerRoutes/absent_and_malformed
    remote_routes_test.go:108: actual daemon: absent/malformed routes rejected before dial; policy denial precedes route lookup; owner-only rejection audit; valid remote ping preserved
=== RUN   TestRemoteBrokerRoutes/scoped_policy
    remote_routes_test.go:196: actual daemon: scoped admin cannot grant/revoke globally or another host; matching host grant/revoke survives SIGKILL; other project cannot administer; only intended host executes
=== RUN   TestRemoteBrokerRoutes/scoped_approval_and_mutation
    remote_routes_test.go:310: actual daemon/SSH: host-scoped approval issuance bound to nested host; rejection preserves approval; two approved appends exactly once across crash; mutation outcomes filtered by host and project before/after SIGKILL, absent/out-of-scope indistinguishable
--- PASS: TestRemoteBrokerRoutes (1.92s)
    --- PASS: TestRemoteBrokerRoutes/absent_and_malformed (0.48s)
    --- PASS: TestRemoteBrokerRoutes/scoped_policy (0.61s)
    --- PASS: TestRemoteBrokerRoutes/scoped_approval_and_mutation (0.83s)
PASS
ok  	github.com/CIPFZ/rdev/cmd/rdevd	5.458s
