building agent linux/amd64
building agent linux/arm64
building agent darwin/amd64
building agent darwin/arm64
RDEV_RUN_REMOTE=1 RDEV_TEST_REMOTE='service-deploy' RDEV_TEST_SSH_CONFIG='/data/tmp/rdev-validation/ssh/config' bash scripts/remote-job-upgrade.sh '/data/tmp/rdev-toolchain/go/bin/go'
job predecessor commit: e3ac9c283258bc8370421125a3a29532b9986676
4146a4773c5d433d126f63d5fa594ac5fe47bf9057be3a28d3510b01127cd96e  /data/tmp/rdev-job-predecessor.5P5Ctr/e3ac9c283258bc8370421125a3a29532b9986676/rdevd
2158fddb9229eeeb0059248a512f1615371c3866b0586de2f97b5910c3414d73  /data/tmp/rdev-job-predecessor.5P5Ctr/e3ac9c283258bc8370421125a3a29532b9986676/agents/rdev-agent-linux-amd64
=== RUN   TestRemoteBrokerJobUpgrade
=== RUN   TestRemoteBrokerJobUpgrade/terminated
    remote_job_upgrade_test.go:175: upgraded wait lost predecessor terminal output: &{OperationID:op_c4a4de5b8cc3e8c487403579e81c93d9 Terminal:true Execution:completed Info:0xc000173200 List:[] Waited:[] Logs: LogsTruncation:{Truncated:false OriginalBytes:0 RetainedBytes:0 DroppedBytes:0} LogLedger:{OriginalBytes:0 RetainedBytes:0 DroppedBytes:0 Truncated:false FirstTruncatedAt: LimitBytes:0 Policy:} NextOffset:0 LogSize:0 Matched:0 TailTruncated:false TailScanBytes:0 TimedOut:false WaitedMS:0 Removed:[] FreedBytes:0 Skipped:[] Missing:[] Total:0 Truncated:false}
=== RUN   TestRemoteBrokerJobUpgrade/killed
    remote_job_upgrade_test.go:175: upgraded wait lost predecessor terminal output: &{OperationID:op_f390b9e687597c249776a5a80769b0d6 Terminal:true Execution:completed Info:0xc00035d400 List:[] Waited:[] Logs: LogsTruncation:{Truncated:false OriginalBytes:0 RetainedBytes:0 DroppedBytes:0} LogLedger:{OriginalBytes:0 RetainedBytes:0 DroppedBytes:0 Truncated:false FirstTruncatedAt: LimitBytes:0 Policy:} NextOffset:0 LogSize:0 Matched:0 TailTruncated:false TailScanBytes:0 TimedOut:false WaitedMS:0 Removed:[] FreedBytes:0 Skipped:[] Missing:[] Total:0 Truncated:false}
--- FAIL: TestRemoteBrokerJobUpgrade (4.38s)
    --- FAIL: TestRemoteBrokerJobUpgrade/terminated (2.20s)
    --- FAIL: TestRemoteBrokerJobUpgrade/killed (2.18s)
=== RUN   TestRemoteBrokerJobUpgrade
=== RUN   TestRemoteBrokerJobUpgrade/terminated
    remote_job_upgrade_test.go:175: upgraded wait lost predecessor terminal output: &{OperationID:op_3aed81a20fa9de013228c31302bdabe1 Terminal:true Execution:completed Info:0xc0002cc200 List:[] Waited:[] Logs: LogsTruncation:{Truncated:false OriginalBytes:0 RetainedBytes:0 DroppedBytes:0} LogLedger:{OriginalBytes:0 RetainedBytes:0 DroppedBytes:0 Truncated:false FirstTruncatedAt: LimitBytes:0 Policy:} NextOffset:0 LogSize:0 Matched:0 TailTruncated:false TailScanBytes:0 TimedOut:false WaitedMS:0 Removed:[] FreedBytes:0 Skipped:[] Missing:[] Total:0 Truncated:false}
=== RUN   TestRemoteBrokerJobUpgrade/killed
    remote_job_upgrade_test.go:175: upgraded wait lost predecessor terminal output: &{OperationID:op_d8a00ce2936bfb86224cbb4f8c4a639e Terminal:true Execution:completed Info:0xc000284000 List:[] Waited:[] Logs: LogsTruncation:{Truncated:false OriginalBytes:0 RetainedBytes:0 DroppedBytes:0} LogLedger:{OriginalBytes:0 RetainedBytes:0 DroppedBytes:0 Truncated:false FirstTruncatedAt: LimitBytes:0 Policy:} NextOffset:0 LogSize:0 Matched:0 TailTruncated:false TailScanBytes:0 TimedOut:false WaitedMS:0 Removed:[] FreedBytes:0 Skipped:[] Missing:[] Total:0 Truncated:false}
--- FAIL: TestRemoteBrokerJobUpgrade (4.38s)
    --- FAIL: TestRemoteBrokerJobUpgrade/terminated (2.20s)
    --- FAIL: TestRemoteBrokerJobUpgrade/killed (2.18s)
=== RUN   TestRemoteBrokerJobUpgrade
=== RUN   TestRemoteBrokerJobUpgrade/terminated
    remote_job_upgrade_test.go:175: upgraded wait lost predecessor terminal output: &{OperationID:op_cbf34de8240c1094700c1e93658fa99e Terminal:true Execution:completed Info:0xc0001fea00 List:[] Waited:[] Logs: LogsTruncation:{Truncated:false OriginalBytes:0 RetainedBytes:0 DroppedBytes:0} LogLedger:{OriginalBytes:0 RetainedBytes:0 DroppedBytes:0 Truncated:false FirstTruncatedAt: LimitBytes:0 Policy:} NextOffset:0 LogSize:0 Matched:0 TailTruncated:false TailScanBytes:0 TimedOut:false WaitedMS:0 Removed:[] FreedBytes:0 Skipped:[] Missing:[] Total:0 Truncated:false}
=== RUN   TestRemoteBrokerJobUpgrade/killed
    remote_job_upgrade_test.go:175: upgraded wait lost predecessor terminal output: &{OperationID:op_7d94adb80bdc13ee567c797b71177958 Terminal:true Execution:completed Info:0xc0006cd200 List:[] Waited:[] Logs: LogsTruncation:{Truncated:false OriginalBytes:0 RetainedBytes:0 DroppedBytes:0} LogLedger:{OriginalBytes:0 RetainedBytes:0 DroppedBytes:0 Truncated:false FirstTruncatedAt: LimitBytes:0 Policy:} NextOffset:0 LogSize:0 Matched:0 TailTruncated:false TailScanBytes:0 TimedOut:false WaitedMS:0 Removed:[] FreedBytes:0 Skipped:[] Missing:[] Total:0 Truncated:false}
--- FAIL: TestRemoteBrokerJobUpgrade (4.34s)
    --- FAIL: TestRemoteBrokerJobUpgrade/terminated (2.20s)
    --- FAIL: TestRemoteBrokerJobUpgrade/killed (2.13s)
FAIL
FAIL	github.com/CIPFZ/rdev/cmd/rdevd	13.103s
FAIL
make: *** [Makefile:142: remote-job-upgrade] Error 1
