building agent linux/amd64
building agent linux/arm64
building agent darwin/amd64
building agent darwin/arm64
RDEV_RUN_REMOTE=1 RDEV_TEST_REMOTE='service-deploy' RDEV_TEST_SSH_CONFIG='/data/tmp/rdev-validation/ssh/config' bash scripts/remote-job-upgrade.sh '/data/tmp/rdev-toolchain/go/bin/go'
job predecessor commit: e3ac9c283258bc8370421125a3a29532b9986676
4146a4773c5d433d126f63d5fa594ac5fe47bf9057be3a28d3510b01127cd96e  /data/tmp/rdev-job-predecessor.4Xzc1S/e3ac9c283258bc8370421125a3a29532b9986676/rdevd
2158fddb9229eeeb0059248a512f1615371c3866b0586de2f97b5910c3414d73  /data/tmp/rdev-job-predecessor.4Xzc1S/e3ac9c283258bc8370421125a3a29532b9986676/agents/rdev-agent-linux-amd64
=== RUN   TestRemoteBrokerJobUpgrade
=== RUN   TestRemoteBrokerJobUpgrade/terminated
    remote_job_upgrade_test.go:175: upgraded wait lost the predecessor's terminal output
=== RUN   TestRemoteBrokerJobUpgrade/killed
    remote_job_upgrade_test.go:175: upgraded wait lost the predecessor's terminal output
--- FAIL: TestRemoteBrokerJobUpgrade (4.74s)
    --- FAIL: TestRemoteBrokerJobUpgrade/terminated (2.60s)
    --- FAIL: TestRemoteBrokerJobUpgrade/killed (2.14s)
=== RUN   TestRemoteBrokerJobUpgrade
=== RUN   TestRemoteBrokerJobUpgrade/terminated
    remote_job_upgrade_test.go:175: upgraded wait lost the predecessor's terminal output
=== RUN   TestRemoteBrokerJobUpgrade/killed
    remote_job_upgrade_test.go:175: upgraded wait lost the predecessor's terminal output
--- FAIL: TestRemoteBrokerJobUpgrade (4.35s)
    --- FAIL: TestRemoteBrokerJobUpgrade/terminated (2.19s)
    --- FAIL: TestRemoteBrokerJobUpgrade/killed (2.16s)
=== RUN   TestRemoteBrokerJobUpgrade
=== RUN   TestRemoteBrokerJobUpgrade/terminated
    remote_job_upgrade_test.go:175: upgraded wait lost the predecessor's terminal output
=== RUN   TestRemoteBrokerJobUpgrade/killed
    remote_job_upgrade_test.go:175: upgraded wait lost the predecessor's terminal output
--- FAIL: TestRemoteBrokerJobUpgrade (4.35s)
    --- FAIL: TestRemoteBrokerJobUpgrade/terminated (2.17s)
    --- FAIL: TestRemoteBrokerJobUpgrade/killed (2.18s)
FAIL
FAIL	github.com/CIPFZ/rdev/cmd/rdevd	13.453s
FAIL
make: *** [Makefile:142: remote-job-upgrade] Error 1
