=== RUN   TestTrafficKeepsCanceledStreamsWithOriginalOwner
panic: test timed out after 10s
	running tests:
		TestTrafficKeepsCanceledStreamsWithOriginalOwner (10s)

goroutine 17 [running]:
testing.(*M).startAlarm.func1()
	/data/tmp/rdev-toolchain/go/src/testing/testing.go:2682 +0x345
created by time.goFunc
	/data/tmp/rdev-toolchain/go/src/time/sleep.go:215 +0x2d

goroutine 1 [chan receive]:
testing.(*T).Run(0xc000003880, {0x61f36b?, 0xc00014bb30?}, 0x626518)
	/data/tmp/rdev-toolchain/go/src/testing/testing.go:2005 +0x485
testing.runTests.func1(0xc000003880)
	/data/tmp/rdev-toolchain/go/src/testing/testing.go:2477 +0x37
testing.tRunner(0xc000003880, 0xc00014bc70)
	/data/tmp/rdev-toolchain/go/src/testing/testing.go:1934 +0xea
testing.runTests(0xc00000e060, {0x7a7d00, 0x45, 0x45}, {0x7?, 0xc000100900?, 0x7ab6c0?})
	/data/tmp/rdev-toolchain/go/src/testing/testing.go:2475 +0x4b4
testing.(*M).Run(0xc00010c140)
	/data/tmp/rdev-toolchain/go/src/testing/testing.go:2337 +0x63a
main.main()
	_testmain.go:181 +0x9b

goroutine 7 [select]:
io.(*pipe).write(0xc0000123c0, {0xc000144200, 0x81, 0x100})
	/data/tmp/rdev-toolchain/go/src/io/pipe.go:86 +0x1e5
io.(*PipeWriter).Write(0xc00001e880?, {0xc000144200?, 0xc000166200?, 0xc00001e800?})
	/data/tmp/rdev-toolchain/go/src/io/pipe.go:161 +0x1a
github.com/CIPFZ/rdev/internal/transport.sendReply(0xc000003a40, {0x663640, 0xc0000123c0}, 0xc000000460)
	/data/tmp/rdev-p5-lane-accounting/internal/transport/conn_test.go:148 +0xda
github.com/CIPFZ/rdev/internal/transport.TestTrafficKeepsCanceledStreamsWithOriginalOwner(0xc000003a40)
	/data/tmp/rdev-p5-lane-accounting/internal/transport/traffic_test.go:59 +0x91f
testing.tRunner(0xc000003a40, 0x626518)
	/data/tmp/rdev-toolchain/go/src/testing/testing.go:1934 +0xea
created by testing.(*T).Run in goroutine 1
	/data/tmp/rdev-toolchain/go/src/testing/testing.go:1997 +0x465
FAIL	github.com/CIPFZ/rdev/internal/transport	10.014s
FAIL
