=== RUN   TestRealRsyncCancellationReapsSSHDescendants
=== RUN   TestRealRsyncCancellationReapsSSHDescendants/delete-preflight-false
=== RUN   TestRealRsyncCancellationReapsSSHDescendants/delete-preflight-true
--- PASS: TestRealRsyncCancellationReapsSSHDescendants (0.01s)
    --- PASS: TestRealRsyncCancellationReapsSSHDescendants/delete-preflight-false (0.01s)
    --- PASS: TestRealRsyncCancellationReapsSSHDescendants/delete-preflight-true (0.01s)
=== RUN   TestManifestOpenRejectsFIFOWithoutBlocking
--- PASS: TestManifestOpenRejectsFIFOWithoutBlocking (0.00s)
=== RUN   TestRealRsyncCancellationReapsSSHDescendants
=== RUN   TestRealRsyncCancellationReapsSSHDescendants/delete-preflight-false
=== RUN   TestRealRsyncCancellationReapsSSHDescendants/delete-preflight-true
--- PASS: TestRealRsyncCancellationReapsSSHDescendants (0.01s)
    --- PASS: TestRealRsyncCancellationReapsSSHDescendants/delete-preflight-false (0.01s)
    --- PASS: TestRealRsyncCancellationReapsSSHDescendants/delete-preflight-true (0.01s)
=== RUN   TestManifestOpenRejectsFIFOWithoutBlocking
--- PASS: TestManifestOpenRejectsFIFOWithoutBlocking (0.00s)
=== RUN   TestRealRsyncCancellationReapsSSHDescendants
=== RUN   TestRealRsyncCancellationReapsSSHDescendants/delete-preflight-false
=== RUN   TestRealRsyncCancellationReapsSSHDescendants/delete-preflight-true
--- PASS: TestRealRsyncCancellationReapsSSHDescendants (0.01s)
    --- PASS: TestRealRsyncCancellationReapsSSHDescendants/delete-preflight-false (0.01s)
    --- PASS: TestRealRsyncCancellationReapsSSHDescendants/delete-preflight-true (0.01s)
=== RUN   TestManifestOpenRejectsFIFOWithoutBlocking
--- PASS: TestManifestOpenRejectsFIFOWithoutBlocking (0.00s)
PASS
ok  	github.com/CIPFZ/rdev/internal/client	0.044s
