building agent linux/amd64
building agent linux/arm64
building agent darwin/amd64
building agent darwin/arm64
/data/tmp/rdev-toolchain/go/bin/go vet ./...
/data/tmp/rdev-toolchain/go/bin/go test ./... -count=1
ok  	github.com/CIPFZ/rdev/cmd/rdev	0.005s
ok  	github.com/CIPFZ/rdev/cmd/rdev-agent	33.728s
ok  	github.com/CIPFZ/rdev/cmd/rdevd	8.919s
ok  	github.com/CIPFZ/rdev/internal/broker	2.979s
ok  	github.com/CIPFZ/rdev/internal/buildinfo	0.003s
ok  	github.com/CIPFZ/rdev/internal/client	0.467s
ok  	github.com/CIPFZ/rdev/internal/framewriter	0.038s
ok  	github.com/CIPFZ/rdev/internal/mcpsrv	0.684s
ok  	github.com/CIPFZ/rdev/internal/observe	0.004s
ok  	github.com/CIPFZ/rdev/internal/proto	0.003s
ok  	github.com/CIPFZ/rdev/internal/secrets	0.004s
ok  	github.com/CIPFZ/rdev/internal/session	8.457s
ok  	github.com/CIPFZ/rdev/internal/state	0.077s
ok  	github.com/CIPFZ/rdev/internal/storage	0.029s
ok  	github.com/CIPFZ/rdev/internal/support	0.003s
ok  	github.com/CIPFZ/rdev/internal/transport	2.356s
ok       rdev-agent-linux-amd64 9e811cfed017
ok       rdev-agent-linux-arm64 c4912736f64b
ok       rdev-agent-darwin-amd64 91f71eb1e863
ok       rdev-agent-darwin-arm64 ed570e384ef1
