=== RUN   TestMutationWrapperWaitsForProcessAfterStdoutEOF
=== RUN   TestMutationWrapperWaitsForProcessAfterStdoutEOF/0
=== RUN   TestMutationWrapperWaitsForProcessAfterStdoutEOF/7
--- PASS: TestMutationWrapperWaitsForProcessAfterStdoutEOF (0.51s)
    --- PASS: TestMutationWrapperWaitsForProcessAfterStdoutEOF/0 (0.25s)
    --- PASS: TestMutationWrapperWaitsForProcessAfterStdoutEOF/7 (0.25s)
=== RUN   TestMutationWrapperWaitsForProcessAfterStdoutEOF
=== RUN   TestMutationWrapperWaitsForProcessAfterStdoutEOF/0
=== RUN   TestMutationWrapperWaitsForProcessAfterStdoutEOF/7
--- PASS: TestMutationWrapperWaitsForProcessAfterStdoutEOF (0.50s)
    --- PASS: TestMutationWrapperWaitsForProcessAfterStdoutEOF/0 (0.25s)
    --- PASS: TestMutationWrapperWaitsForProcessAfterStdoutEOF/7 (0.25s)
=== RUN   TestMutationWrapperWaitsForProcessAfterStdoutEOF
=== RUN   TestMutationWrapperWaitsForProcessAfterStdoutEOF/0
=== RUN   TestMutationWrapperWaitsForProcessAfterStdoutEOF/7
--- PASS: TestMutationWrapperWaitsForProcessAfterStdoutEOF (0.50s)
    --- PASS: TestMutationWrapperWaitsForProcessAfterStdoutEOF/0 (0.25s)
    --- PASS: TestMutationWrapperWaitsForProcessAfterStdoutEOF/7 (0.25s)
=== RUN   TestMutationWrapperWaitsForProcessAfterStdoutEOF
=== RUN   TestMutationWrapperWaitsForProcessAfterStdoutEOF/0
=== RUN   TestMutationWrapperWaitsForProcessAfterStdoutEOF/7
--- PASS: TestMutationWrapperWaitsForProcessAfterStdoutEOF (0.50s)
    --- PASS: TestMutationWrapperWaitsForProcessAfterStdoutEOF/0 (0.25s)
    --- PASS: TestMutationWrapperWaitsForProcessAfterStdoutEOF/7 (0.25s)
=== RUN   TestMutationWrapperWaitsForProcessAfterStdoutEOF
=== RUN   TestMutationWrapperWaitsForProcessAfterStdoutEOF/0
=== RUN   TestMutationWrapperWaitsForProcessAfterStdoutEOF/7
--- PASS: TestMutationWrapperWaitsForProcessAfterStdoutEOF (0.50s)
    --- PASS: TestMutationWrapperWaitsForProcessAfterStdoutEOF/0 (0.25s)
    --- PASS: TestMutationWrapperWaitsForProcessAfterStdoutEOF/7 (0.25s)
=== RUN   TestMutationWrapperWaitsForProcessAfterStdoutEOF
=== RUN   TestMutationWrapperWaitsForProcessAfterStdoutEOF/0
=== RUN   TestMutationWrapperWaitsForProcessAfterStdoutEOF/7
--- PASS: TestMutationWrapperWaitsForProcessAfterStdoutEOF (0.50s)
    --- PASS: TestMutationWrapperWaitsForProcessAfterStdoutEOF/0 (0.25s)
    --- PASS: TestMutationWrapperWaitsForProcessAfterStdoutEOF/7 (0.25s)
=== RUN   TestMutationWrapperWaitsForProcessAfterStdoutEOF
=== RUN   TestMutationWrapperWaitsForProcessAfterStdoutEOF/0
=== RUN   TestMutationWrapperWaitsForProcessAfterStdoutEOF/7
--- PASS: TestMutationWrapperWaitsForProcessAfterStdoutEOF (0.50s)
    --- PASS: TestMutationWrapperWaitsForProcessAfterStdoutEOF/0 (0.25s)
    --- PASS: TestMutationWrapperWaitsForProcessAfterStdoutEOF/7 (0.25s)
=== RUN   TestMutationWrapperWaitsForProcessAfterStdoutEOF
=== RUN   TestMutationWrapperWaitsForProcessAfterStdoutEOF/0
=== RUN   TestMutationWrapperWaitsForProcessAfterStdoutEOF/7
--- PASS: TestMutationWrapperWaitsForProcessAfterStdoutEOF (0.50s)
    --- PASS: TestMutationWrapperWaitsForProcessAfterStdoutEOF/0 (0.25s)
    --- PASS: TestMutationWrapperWaitsForProcessAfterStdoutEOF/7 (0.25s)
=== RUN   TestMutationWrapperWaitsForProcessAfterStdoutEOF
=== RUN   TestMutationWrapperWaitsForProcessAfterStdoutEOF/0
=== RUN   TestMutationWrapperWaitsForProcessAfterStdoutEOF/7
--- PASS: TestMutationWrapperWaitsForProcessAfterStdoutEOF (0.50s)
    --- PASS: TestMutationWrapperWaitsForProcessAfterStdoutEOF/0 (0.25s)
    --- PASS: TestMutationWrapperWaitsForProcessAfterStdoutEOF/7 (0.25s)
=== RUN   TestMutationWrapperWaitsForProcessAfterStdoutEOF
=== RUN   TestMutationWrapperWaitsForProcessAfterStdoutEOF/0
=== RUN   TestMutationWrapperWaitsForProcessAfterStdoutEOF/7
--- PASS: TestMutationWrapperWaitsForProcessAfterStdoutEOF (0.51s)
    --- PASS: TestMutationWrapperWaitsForProcessAfterStdoutEOF/0 (0.25s)
    --- PASS: TestMutationWrapperWaitsForProcessAfterStdoutEOF/7 (0.25s)
PASS
ok  	github.com/CIPFZ/rdev/cmd/rdevd	5.044s
